train candidates 14388 (positive 30.2%) | dev candidates 1764
Loading weights:   0%|          | 0/390 [00:00<?, ?it/s]Loading weights: 100%|██████████| 390/390 [00:00<00:00, 3949.43it/s]
[1mDebertaV2Model LOAD REPORT[0m from: microsoft/deberta-v3-large
Key                                     | Status     |  | 
----------------------------------------+------------+--+-
mask_predictions.classifier.bias        | UNEXPECTED |  | 
mask_predictions.dense.bias             | UNEXPECTED |  | 
lm_predictions.lm_head.bias             | UNEXPECTED |  | 
lm_predictions.lm_head.dense.weight     | UNEXPECTED |  | 
lm_predictions.lm_head.dense.bias       | UNEXPECTED |  | 
mask_predictions.dense.weight           | UNEXPECTED |  | 
lm_predictions.lm_head.LayerNorm.weight | UNEXPECTED |  | 
mask_predictions.LayerNorm.weight       | UNEXPECTED |  | 
mask_predictions.LayerNorm.bias         | UNEXPECTED |  | 
mask_predictions.classifier.weight      | UNEXPECTED |  | 
lm_predictions.lm_head.LayerNorm.bias   | UNEXPECTED |  | 

Notes:
- UNEXPECTED:	can be ignored when loading from different task/architecture; not ok if you expect identical arch.
ep01 loss 0.840 | cand-acc 76.4 | ArgC-IoU 46.56 (P51.0/R42.9) | ArgI 58.14 | rule th=0.55 ml=1 nms=iou | 389s
ep02 loss 0.501 | cand-acc 75.5 | ArgC-IoU 46.76 (P45.0/R48.7) | ArgI 60.10 | rule th=0.3 ml=3 nms=iou | 897s
ep03 loss 0.303 | cand-acc 76.0 | ArgC-IoU 47.36 (P49.9/R45.1) | ArgI 59.20 | rule th=0.45 ml=3 nms=iou | 1400s
ep04 loss 0.175 | cand-acc 76.5 | ArgC-IoU 47.81 (P50.9/R45.1) | ArgI 59.98 | rule th=0.35 ml=3 nms=any | 1907s
ep05 loss 0.097 | cand-acc 76.6 | ArgC-IoU 49.24 (P53.1/R45.9) | ArgI 60.69 | rule th=0.2 ml=3 nms=any | 2415s
BEST {"epoch": 5, "loss": 0.09683882375706827, "cand_acc": 76.64399092970523, "arg_c_iou_f1": 49.24406047516199, "arg_c_p": 53.14685314685315, "arg_c_r": 45.87525150905433, "arg_i_iou_f1": 60.69114470842333, "rougeL": 79.48639273170043, "rule": {"f1": 49.24406047516199, "theta": 0.2, "min_len": 3, "nms": "any"}, "secs": 2415}
