Loading weights:   0%|          | 0/390 [00:00<?, ?it/s]Loading weights: 100%|██████████| 390/390 [00:00<00:00, 5171.59it/s]
[1mDebertaV2Model LOAD REPORT[0m from: microsoft/deberta-v3-large
Key                                     | Status     |  | 
----------------------------------------+------------+--+-
mask_predictions.LayerNorm.weight       | UNEXPECTED |  | 
mask_predictions.dense.bias             | UNEXPECTED |  | 
mask_predictions.dense.weight           | UNEXPECTED |  | 
mask_predictions.classifier.weight      | UNEXPECTED |  | 
lm_predictions.lm_head.bias             | UNEXPECTED |  | 
lm_predictions.lm_head.dense.bias       | UNEXPECTED |  | 
lm_predictions.lm_head.dense.weight     | UNEXPECTED |  | 
mask_predictions.classifier.bias        | UNEXPECTED |  | 
mask_predictions.LayerNorm.bias         | UNEXPECTED |  | 
lm_predictions.lm_head.LayerNorm.weight | UNEXPECTED |  | 
lm_predictions.lm_head.LayerNorm.bias   | UNEXPECTED |  | 

Notes:
- UNEXPECTED:	can be ignored when loading from different task/architecture; not ok if you expect identical arch.
ep01 loss 3.719 | type 65.8 | ArgC-IoU 1.56 (P23.5/R0.8) | ArgI-IoU 1.95 | raw 2.72 | t0.3 | RgL 0.78 | 22s
ep02 loss 2.134 | type 83.5 | ArgC-IoU 20.69 (P30.4/R15.7) | ArgI-IoU 27.85 | raw 13.31 | t0.3 | RgL 23.79 | 42s
ep03 loss 1.696 | type 84.2 | ArgC-IoU 26.00 (P31.1/R22.3) | ArgI-IoU 36.07 | raw 19.27 | t0.3 | RgL 57.04 | 64s
ep04 loss 1.395 | type 84.2 | ArgC-IoU 38.99 (P45.3/R34.2) | ArgI-IoU 44.95 | raw 28.94 | t0.5 | RgL 64.23 | 86s
ep05 loss 1.082 | type 87.3 | ArgC-IoU 39.95 (P50.2/R33.2) | ArgI-IoU 47.94 | raw 30.15 | t0.6 | RgL 72.35 | 108s
ep06 loss 0.846 | type 87.3 | ArgC-IoU 42.00 (P57.7/R33.0) | ArgI-IoU 48.66 | raw 31.18 | t0.7 | RgL 73.91 | 130s
ep07 loss 0.647 | type 86.1 | ArgC-IoU 42.54 (P47.6/R38.4) | ArgI-IoU 49.22 | raw 32.31 | t0.6 | RgL 76.09 | 153s
ep08 loss 0.502 | type 89.2 | ArgC-IoU 43.99 (P47.7/R40.8) | ArgI-IoU 52.22 | raw 34.53 | t0.6 | RgL 77.88 | 175s
ep09 loss 0.405 | type 89.2 | ArgC-IoU 45.21 (P52.2/R39.8) | ArgI-IoU 52.28 | raw 33.33 | t0.7 | RgL 75.06 | 198s
ep10 loss 0.315 | type 88.0 | ArgC-IoU 42.25 (P53.7/R34.8) | ArgI-IoU 48.84 | raw 33.07 | t0.85 | RgL 75.71 | 221s
ep11 loss 0.243 | type 86.7 | ArgC-IoU 43.53 (P50.5/R38.2) | ArgI-IoU 51.55 | raw 32.75 | t0.8 | RgL 75.32 | 242s
ep12 loss 0.201 | type 88.6 | ArgC-IoU 43.38 (P45.0/R41.9) | ArgI-IoU 51.72 | raw 34.58 | t0.7 | RgL 75.59 | 263s
ep13 loss 0.164 | type 89.9 | ArgC-IoU 43.26 (P51.2/R37.4) | ArgI-IoU 52.09 | raw 34.75 | t0.85 | RgL 77.82 | 285s
ep14 loss 0.132 | type 88.0 | ArgC-IoU 43.37 (P47.6/R39.8) | ArgI-IoU 52.14 | raw 33.64 | t0.8 | RgL 78.70 | 306s
ep15 loss 0.111 | type 89.2 | ArgC-IoU 42.11 (P48.8/R37.0) | ArgI-IoU 49.89 | raw 33.46 | t0.9 | RgL 76.61 | 327s
ep16 loss 0.091 | type 88.6 | ArgC-IoU 44.10 (P49.4/R39.8) | ArgI-IoU 51.89 | raw 36.79 | t0.85 | RgL 76.85 | 348s
ep17 loss 0.072 | type 89.9 | ArgC-IoU 44.23 (P47.7/R41.2) | ArgI-IoU 52.00 | raw 34.52 | t0.85 | RgL 77.75 | 369s
ep18 loss 0.065 | type 88.6 | ArgC-IoU 43.02 (P45.7/R40.6) | ArgI-IoU 52.40 | raw 34.38 | t0.85 | RgL 77.43 | 391s
ep19 loss 0.050 | type 88.6 | ArgC-IoU 43.10 (P46.4/R40.2) | ArgI-IoU 50.86 | raw 34.30 | t0.85 | RgL 77.69 | 412s
ep20 loss 0.045 | type 86.7 | ArgC-IoU 43.98 (P45.9/R42.3) | ArgI-IoU 52.77 | raw 34.31 | t0.85 | RgL 77.50 | 433s
ep21 loss 0.036 | type 88.6 | ArgC-IoU 43.23 (P45.2/R41.4) | ArgI-IoU 51.63 | raw 34.99 | t0.85 | RgL 77.21 | 454s
ep22 loss 0.030 | type 88.6 | ArgC-IoU 43.23 (P41.4/R45.3) | ArgI-IoU 52.26 | raw 35.21 | t0.7 | RgL 78.31 | 476s
ep23 loss 0.025 | type 89.2 | ArgC-IoU 44.98 (P49.8/R41.0) | ArgI-IoU 53.14 | raw 35.98 | t0.9 | RgL 77.57 | 497s
ep24 loss 0.022 | type 89.2 | ArgC-IoU 44.60 (P53.5/R38.2) | ArgI-IoU 52.58 | raw 35.62 | t0.95 | RgL 77.69 | 516s
ep25 loss 0.018 | type 89.9 | ArgC-IoU 45.94 (P49.8/R42.7) | ArgI-IoU 54.39 | raw 35.37 | t0.9 | RgL 78.70 | 537s
ep26 loss 0.016 | type 89.2 | ArgC-IoU 44.37 (P49.1/R40.4) | ArgI-IoU 52.10 | raw 36.87 | t0.93 | RgL 78.25 | 559s
ep27 loss 0.014 | type 89.2 | ArgC-IoU 44.37 (P48.0/R41.2) | ArgI-IoU 52.60 | raw 37.01 | t0.9 | RgL 77.97 | 580s
ep28 loss 0.011 | type 89.2 | ArgC-IoU 42.65 (P41.9/R43.5) | ArgI-IoU 51.33 | raw 35.45 | t0.8 | RgL 77.94 | 601s
ep29 loss 0.011 | type 88.6 | ArgC-IoU 42.67 (P41.7/R43.7) | ArgI-IoU 51.33 | raw 35.68 | t0.8 | RgL 77.91 | 621s
ep30 loss 0.011 | type 89.2 | ArgC-IoU 43.45 (P42.9/R44.1) | ArgI-IoU 51.79 | raw 35.68 | t0.8 | RgL 78.17 | 643s

BEST: {
  "epoch": 25,
  "loss": 0.01757781399828673,
  "type_acc": 89.87341772151899,
  "arg_c_iou_f1": 45.937161430119176,
  "argmax_arg_c_iou_f1": 35.373134328358205,
  "sel_tau": 0.9,
  "arg_i_iou_f1": 54.38786565547129,
  "arg_c_iou_p": 49.76525821596244,
  "arg_c_iou_r": 42.6559356136821,
  "arg_c_em_f1": 30.335861321776814,
  "arg_i_em_f1": 34.236186348862404,
  "trigger_rougeL_f1": 78.70230447470293,
  "secs": 537
}
Loading weights:   0%|          | 0/390 [00:00<?, ?it/s]Loading weights:  70%|███████   | 273/390 [00:00<00:00, 2690.31it/s]Loading weights: 100%|██████████| 390/390 [00:00<00:00, 2961.09it/s]
[1mDebertaV2Model LOAD REPORT[0m from: microsoft/deberta-v3-large
Key                                     | Status     |  | 
----------------------------------------+------------+--+-
mask_predictions.LayerNorm.weight       | UNEXPECTED |  | 
mask_predictions.dense.bias             | UNEXPECTED |  | 
mask_predictions.dense.weight           | UNEXPECTED |  | 
mask_predictions.classifier.weight      | UNEXPECTED |  | 
lm_predictions.lm_head.bias             | UNEXPECTED |  | 
lm_predictions.lm_head.dense.bias       | UNEXPECTED |  | 
lm_predictions.lm_head.dense.weight     | UNEXPECTED |  | 
mask_predictions.classifier.bias        | UNEXPECTED |  | 
mask_predictions.LayerNorm.bias         | UNEXPECTED |  | 
lm_predictions.lm_head.LayerNorm.weight | UNEXPECTED |  | 
lm_predictions.lm_head.LayerNorm.bias   | UNEXPECTED |  | 

Notes:
- UNEXPECTED:	can be ignored when loading from different task/architecture; not ok if you expect identical arch.
[oof] fold 4 seed 42: 255 held-out windows, 1275 candidates -> /home/haipd/SciEvent/method/HONE/data/cands/oof_k4_s42.jsonl
[oof] deleted /home/haipd/SciEvent/method/HONE/runs/oof_k4_s42/best.pt
