Loading weights:   0%|          | 0/390 [00:00<?, ?it/s]Loading weights: 100%|██████████| 390/390 [00:00<00:00, 4085.11it/s]
[1mDebertaV2Model LOAD REPORT[0m from: microsoft/deberta-v3-large
Key                                     | Status     |  | 
----------------------------------------+------------+--+-
lm_predictions.lm_head.LayerNorm.bias   | UNEXPECTED |  | 
mask_predictions.LayerNorm.weight       | UNEXPECTED |  | 
mask_predictions.classifier.bias        | UNEXPECTED |  | 
lm_predictions.lm_head.dense.bias       | UNEXPECTED |  | 
mask_predictions.classifier.weight      | UNEXPECTED |  | 
lm_predictions.lm_head.dense.weight     | UNEXPECTED |  | 
lm_predictions.lm_head.bias             | UNEXPECTED |  | 
mask_predictions.LayerNorm.bias         | UNEXPECTED |  | 
mask_predictions.dense.weight           | UNEXPECTED |  | 
mask_predictions.dense.bias             | UNEXPECTED |  | 
lm_predictions.lm_head.LayerNorm.weight | UNEXPECTED |  | 

Notes:
- UNEXPECTED:	can be ignored when loading from different task/architecture; not ok if you expect identical arch.
ep01 loss 3.643 | type 57.0 | ArgC-IoU 0.00 (P0.0/R0.0) | ArgI-IoU 0.00 | raw 0.00 | t0.3 | RgL 0.00 | 27s
ep02 loss 2.150 | type 84.8 | ArgC-IoU 21.22 (P26.9/R17.5) | ArgI-IoU 29.27 | raw 14.70 | t0.3 | RgL 30.45 | 54s
ep03 loss 1.621 | type 88.6 | ArgC-IoU 27.26 (P47.5/R19.1) | ArgI-IoU 36.15 | raw 20.60 | t0.5 | RgL 52.10 | 82s
ep04 loss 1.305 | type 89.9 | ArgC-IoU 35.81 (P52.5/R27.2) | ArgI-IoU 42.97 | raw 23.93 | t0.6 | RgL 67.52 | 110s
ep05 loss 1.039 | type 86.7 | ArgC-IoU 38.83 (P49.4/R32.0) | ArgI-IoU 46.89 | raw 26.23 | t0.6 | RgL 71.02 | 135s
ep06 loss 0.801 | type 88.6 | ArgC-IoU 42.26 (P52.4/R35.4) | ArgI-IoU 48.98 | raw 31.17 | t0.6 | RgL 76.18 | 163s
ep07 loss 0.622 | type 88.0 | ArgC-IoU 40.68 (P46.4/R36.2) | ArgI-IoU 48.36 | raw 31.88 | t0.5 | RgL 77.22 | 190s
ep08 loss 0.485 | type 87.3 | ArgC-IoU 42.45 (P49.7/R37.0) | ArgI-IoU 51.21 | raw 32.46 | t0.7 | RgL 77.18 | 216s
ep09 loss 0.363 | type 89.2 | ArgC-IoU 42.32 (P45.4/R39.6) | ArgI-IoU 50.91 | raw 34.45 | t0.6 | RgL 76.29 | 244s
ep10 loss 0.296 | type 86.7 | ArgC-IoU 41.72 (P47.8/R37.0) | ArgI-IoU 49.66 | raw 30.53 | t0.7 | RgL 77.35 | 271s
ep11 loss 0.233 | type 90.5 | ArgC-IoU 44.08 (P48.4/R40.4) | ArgI-IoU 52.41 | raw 34.52 | t0.7 | RgL 77.13 | 297s
ep12 loss 0.189 | type 88.0 | ArgC-IoU 44.03 (P48.9/R40.0) | ArgI-IoU 53.10 | raw 34.76 | t0.8 | RgL 78.31 | 324s
ep13 loss 0.152 | type 88.6 | ArgC-IoU 43.55 (P49.2/R39.0) | ArgI-IoU 51.63 | raw 32.54 | t0.8 | RgL 78.77 | 351s
ep14 loss 0.131 | type 88.0 | ArgC-IoU 43.68 (P48.6/R39.6) | ArgI-IoU 51.88 | raw 33.28 | t0.85 | RgL 79.24 | 377s
ep15 loss 0.105 | type 88.0 | ArgC-IoU 44.64 (P47.8/R41.9) | ArgI-IoU 53.22 | raw 33.63 | t0.8 | RgL 78.66 | 403s
ep16 loss 0.085 | type 88.0 | ArgC-IoU 44.68 (P47.9/R41.9) | ArgI-IoU 52.42 | raw 35.13 | t0.8 | RgL 78.69 | 430s
ep17 loss 0.074 | type 88.6 | ArgC-IoU 43.36 (P48.2/R39.4) | ArgI-IoU 51.55 | raw 33.75 | t0.85 | RgL 79.11 | 458s
ep18 loss 0.059 | type 88.6 | ArgC-IoU 45.25 (P48.2/R42.7) | ArgI-IoU 54.64 | raw 34.92 | t0.85 | RgL 80.71 | 485s
ep19 loss 0.048 | type 88.0 | ArgC-IoU 44.76 (P44.4/R45.1) | ArgI-IoU 54.35 | raw 35.86 | t0.7 | RgL 81.18 | 512s
ep20 loss 0.043 | type 87.3 | ArgC-IoU 44.70 (P47.2/R42.5) | ArgI-IoU 52.97 | raw 34.80 | t0.85 | RgL 81.06 | 539s
ep21 loss 0.035 | type 89.9 | ArgC-IoU 44.42 (P48.7/R40.8) | ArgI-IoU 52.52 | raw 34.20 | t0.9 | RgL 79.90 | 565s
ep22 loss 0.029 | type 88.6 | ArgC-IoU 45.76 (P48.3/R43.5) | ArgI-IoU 54.45 | raw 35.87 | t0.85 | RgL 80.14 | 591s
ep23 loss 0.025 | type 89.9 | ArgC-IoU 45.82 (P46.4/R45.3) | ArgI-IoU 55.60 | raw 36.93 | t0.8 | RgL 79.83 | 616s
ep24 loss 0.020 | type 88.6 | ArgC-IoU 46.20 (P48.6/R44.1) | ArgI-IoU 54.01 | raw 35.91 | t0.85 | RgL 79.54 | 644s
ep25 loss 0.017 | type 89.9 | ArgC-IoU 46.34 (P50.7/R42.7) | ArgI-IoU 53.99 | raw 37.82 | t0.9 | RgL 79.69 | 671s
ep26 loss 0.015 | type 89.9 | ArgC-IoU 45.69 (P45.5/R45.9) | ArgI-IoU 56.11 | raw 36.45 | t0.8 | RgL 80.48 | 699s
ep27 loss 0.013 | type 89.9 | ArgC-IoU 47.20 (P50.8/R44.1) | ArgI-IoU 56.47 | raw 37.66 | t0.9 | RgL 79.79 | 725s
ep28 loss 0.012 | type 90.5 | ArgC-IoU 46.35 (P48.9/R44.1) | ArgI-IoU 56.08 | raw 36.48 | t0.9 | RgL 80.05 | 753s
ep29 loss 0.011 | type 89.2 | ArgC-IoU 46.27 (P47.8/R44.9) | ArgI-IoU 56.22 | raw 36.51 | t0.85 | RgL 79.66 | 779s
ep30 loss 0.010 | type 89.9 | ArgC-IoU 46.63 (P48.1/R45.3) | ArgI-IoU 55.96 | raw 36.55 | t0.85 | RgL 79.68 | 805s

BEST: {
  "epoch": 27,
  "loss": 0.01333393644381431,
  "type_acc": 89.87341772151899,
  "arg_c_iou_f1": 47.19827586206897,
  "argmax_arg_c_iou_f1": 37.65822784810127,
  "sel_tau": 0.9,
  "arg_i_iou_f1": 56.46551724137932,
  "arg_c_iou_p": 50.81206496519721,
  "arg_c_iou_r": 44.06438631790744,
  "arg_c_em_f1": 28.87931034482759,
  "arg_i_em_f1": 33.83620689655172,
  "trigger_rougeL_f1": 79.78818628094668,
  "secs": 725
}
Loading weights:   0%|          | 0/390 [00:00<?, ?it/s]Loading weights: 100%|██████████| 390/390 [00:00<00:00, 5456.87it/s]
[1mDebertaV2Model LOAD REPORT[0m from: microsoft/deberta-v3-large
Key                                     | Status     |  | 
----------------------------------------+------------+--+-
lm_predictions.lm_head.LayerNorm.bias   | UNEXPECTED |  | 
mask_predictions.LayerNorm.weight       | UNEXPECTED |  | 
mask_predictions.classifier.bias        | UNEXPECTED |  | 
lm_predictions.lm_head.dense.bias       | UNEXPECTED |  | 
mask_predictions.classifier.weight      | UNEXPECTED |  | 
lm_predictions.lm_head.dense.weight     | UNEXPECTED |  | 
lm_predictions.lm_head.bias             | UNEXPECTED |  | 
mask_predictions.LayerNorm.bias         | UNEXPECTED |  | 
mask_predictions.dense.weight           | UNEXPECTED |  | 
mask_predictions.dense.bias             | UNEXPECTED |  | 
lm_predictions.lm_head.LayerNorm.weight | UNEXPECTED |  | 

Notes:
- UNEXPECTED:	can be ignored when loading from different task/architecture; not ok if you expect identical arch.
[oof] fold 4 seed 13: 255 held-out windows, 1221 candidates -> /home/haipd/SciEvent/method/HONE/data/cands/oof_k4_s13.jsonl
[oof] deleted /home/haipd/SciEvent/method/HONE/runs/oof_k4_s13/best.pt
