Loading weights:   0%|          | 0/390 [00:00<?, ?it/s]Loading weights: 100%|██████████| 390/390 [00:00<00:00, 4604.88it/s]
[1mDebertaV2Model LOAD REPORT[0m from: microsoft/deberta-v3-large
Key                                     | Status     |  | 
----------------------------------------+------------+--+-
lm_predictions.lm_head.bias             | UNEXPECTED |  | 
mask_predictions.classifier.weight      | UNEXPECTED |  | 
mask_predictions.dense.weight           | UNEXPECTED |  | 
lm_predictions.lm_head.dense.bias       | UNEXPECTED |  | 
lm_predictions.lm_head.dense.weight     | UNEXPECTED |  | 
mask_predictions.LayerNorm.weight       | UNEXPECTED |  | 
lm_predictions.lm_head.LayerNorm.bias   | UNEXPECTED |  | 
mask_predictions.classifier.bias        | UNEXPECTED |  | 
lm_predictions.lm_head.LayerNorm.weight | UNEXPECTED |  | 
mask_predictions.dense.bias             | UNEXPECTED |  | 
mask_predictions.LayerNorm.bias         | UNEXPECTED |  | 

Notes:
- UNEXPECTED:	can be ignored when loading from different task/architecture; not ok if you expect identical arch.
ep01 loss 3.644 | type 52.5 | ArgC-IoU 0.00 (P0.0/R0.0) | ArgI-IoU 0.00 | raw 0.30 | t0.3 | RgL 0.00 | 24s
ep02 loss 2.171 | type 84.2 | ArgC-IoU 15.65 (P20.5/R12.7) | ArgI-IoU 21.37 | raw 11.21 | t0.3 | RgL 28.62 | 52s
ep03 loss 1.630 | type 83.5 | ArgC-IoU 30.63 (P34.8/R27.4) | ArgI-IoU 38.96 | raw 22.45 | t0.3 | RgL 49.67 | 80s
ep04 loss 1.319 | type 86.7 | ArgC-IoU 37.19 (P49.5/R29.8) | ArgI-IoU 43.22 | raw 28.20 | t0.5 | RgL 65.37 | 108s
ep05 loss 1.043 | type 89.2 | ArgC-IoU 40.69 (P47.1/R35.8) | ArgI-IoU 50.29 | raw 30.40 | t0.5 | RgL 72.69 | 136s
ep06 loss 0.785 | type 89.2 | ArgC-IoU 41.48 (P48.9/R36.0) | ArgI-IoU 50.29 | raw 32.45 | t0.6 | RgL 75.37 | 164s
ep07 loss 0.582 | type 89.2 | ArgC-IoU 40.22 (P45.2/R36.2) | ArgI-IoU 48.04 | raw 31.83 | t0.6 | RgL 77.89 | 192s
ep08 loss 0.453 | type 88.0 | ArgC-IoU 42.49 (P47.5/R38.4) | ArgI-IoU 50.28 | raw 31.64 | t0.6 | RgL 78.94 | 218s
ep09 loss 0.359 | type 89.2 | ArgC-IoU 45.36 (P46.5/R44.3) | ArgI-IoU 53.20 | raw 34.04 | t0.6 | RgL 77.54 | 246s
ep10 loss 0.282 | type 88.0 | ArgC-IoU 45.42 (P50.2/R41.4) | ArgI-IoU 53.58 | raw 35.08 | t0.7 | RgL 79.08 | 274s
ep11 loss 0.227 | type 86.7 | ArgC-IoU 43.88 (P54.3/R36.8) | ArgI-IoU 49.64 | raw 33.11 | t0.85 | RgL 77.70 | 303s
ep12 loss 0.185 | type 89.9 | ArgC-IoU 46.24 (P49.7/R43.3) | ArgI-IoU 54.84 | raw 34.89 | t0.7 | RgL 78.11 | 330s
ep13 loss 0.142 | type 90.5 | ArgC-IoU 47.53 (P51.0/R44.5) | ArgI-IoU 54.84 | raw 36.12 | t0.8 | RgL 79.47 | 358s
ep14 loss 0.117 | type 88.6 | ArgC-IoU 45.89 (P48.9/R43.3) | ArgI-IoU 52.93 | raw 34.94 | t0.8 | RgL 79.69 | 386s
ep15 loss 0.102 | type 90.5 | ArgC-IoU 47.45 (P50.3/R44.9) | ArgI-IoU 56.17 | raw 36.27 | t0.8 | RgL 79.53 | 413s
ep16 loss 0.085 | type 88.0 | ArgC-IoU 46.30 (P50.4/R42.9) | ArgI-IoU 53.70 | raw 35.21 | t0.85 | RgL 79.22 | 439s
ep17 loss 0.065 | type 89.9 | ArgC-IoU 45.29 (P49.1/R42.1) | ArgI-IoU 53.95 | raw 36.79 | t0.85 | RgL 79.15 | 466s
ep18 loss 0.058 | type 91.1 | ArgC-IoU 47.17 (P47.5/R46.9) | ArgI-IoU 55.87 | raw 36.05 | t0.8 | RgL 79.33 | 490s
ep19 loss 0.047 | type 86.7 | ArgC-IoU 44.82 (P51.6/R39.6) | ArgI-IoU 53.24 | raw 35.79 | t0.9 | RgL 79.73 | 517s
ep20 loss 0.040 | type 89.9 | ArgC-IoU 46.75 (P47.2/R46.3) | ArgI-IoU 55.28 | raw 36.36 | t0.8 | RgL 80.55 | 544s
ep21 loss 0.033 | type 89.2 | ArgC-IoU 46.17 (P49.8/R43.1) | ArgI-IoU 53.51 | raw 35.33 | t0.9 | RgL 80.80 | 570s
ep22 loss 0.028 | type 89.9 | ArgC-IoU 46.22 (P47.6/R44.9) | ArgI-IoU 54.72 | raw 37.01 | t0.85 | RgL 79.72 | 597s
ep23 loss 0.023 | type 88.6 | ArgC-IoU 45.26 (P55.0/R38.4) | ArgI-IoU 53.55 | raw 36.19 | t0.95 | RgL 79.30 | 624s
ep24 loss 0.019 | type 89.2 | ArgC-IoU 46.56 (P46.8/R46.3) | ArgI-IoU 56.07 | raw 35.75 | t0.85 | RgL 79.18 | 651s
ep25 loss 0.017 | type 89.2 | ArgC-IoU 46.60 (P52.2/R42.1) | ArgI-IoU 54.40 | raw 35.94 | t0.93 | RgL 78.61 | 678s
ep26 loss 0.015 | type 89.2 | ArgC-IoU 46.17 (P52.4/R41.2) | ArgI-IoU 53.38 | raw 36.24 | t0.93 | RgL 79.18 | 705s
ep27 loss 0.013 | type 89.2 | ArgC-IoU 47.49 (P50.7/R44.7) | ArgI-IoU 56.90 | raw 37.76 | t0.9 | RgL 79.95 | 732s
ep28 loss 0.011 | type 88.6 | ArgC-IoU 47.51 (P51.5/R44.1) | ArgI-IoU 55.97 | raw 36.77 | t0.93 | RgL 80.12 | 758s
ep29 loss 0.010 | type 88.6 | ArgC-IoU 47.37 (P47.7/R47.1) | ArgI-IoU 56.68 | raw 37.93 | t0.85 | RgL 79.32 | 785s
ep30 loss 0.009 | type 88.6 | ArgC-IoU 46.99 (P47.7/R46.3) | ArgI-IoU 55.98 | raw 37.53 | t0.85 | RgL 79.33 | 811s

BEST: {
  "epoch": 13,
  "loss": 0.14174065217957832,
  "type_acc": 90.50632911392405,
  "arg_c_iou_f1": 47.52688172043011,
  "argmax_arg_c_iou_f1": 36.12403100775194,
  "sel_tau": 0.8,
  "arg_i_iou_f1": 54.83870967741936,
  "arg_c_iou_p": 51.03926096997691,
  "arg_c_iou_r": 44.46680080482898,
  "arg_c_em_f1": 29.67741935483871,
  "arg_i_em_f1": 33.54838709677419,
  "trigger_rougeL_f1": 79.47355344622927,
  "secs": 358
}
Loading weights:   0%|          | 0/390 [00:00<?, ?it/s]Loading weights: 100%|██████████| 390/390 [00:00<00:00, 6502.62it/s]
[1mDebertaV2Model LOAD REPORT[0m from: microsoft/deberta-v3-large
Key                                     | Status     |  | 
----------------------------------------+------------+--+-
lm_predictions.lm_head.bias             | UNEXPECTED |  | 
mask_predictions.classifier.weight      | UNEXPECTED |  | 
mask_predictions.dense.weight           | UNEXPECTED |  | 
lm_predictions.lm_head.dense.bias       | UNEXPECTED |  | 
lm_predictions.lm_head.dense.weight     | UNEXPECTED |  | 
mask_predictions.LayerNorm.weight       | UNEXPECTED |  | 
lm_predictions.lm_head.LayerNorm.bias   | UNEXPECTED |  | 
mask_predictions.classifier.bias        | UNEXPECTED |  | 
lm_predictions.lm_head.LayerNorm.weight | UNEXPECTED |  | 
mask_predictions.dense.bias             | UNEXPECTED |  | 
mask_predictions.LayerNorm.bias         | UNEXPECTED |  | 

Notes:
- UNEXPECTED:	can be ignored when loading from different task/architecture; not ok if you expect identical arch.
[oof] fold 3 seed 13: 255 held-out windows, 1354 candidates -> /home/haipd/SciEvent/method/HONE/data/cands/oof_k3_s13.jsonl
[oof] deleted /home/haipd/SciEvent/method/HONE/runs/oof_k3_s13/best.pt
