Loading weights:   0%|          | 0/390 [00:00<?, ?it/s]Loading weights: 100%|██████████| 390/390 [00:00<00:00, 4544.54it/s]
[1mDebertaV2Model LOAD REPORT[0m from: microsoft/deberta-v3-large
Key                                     | Status     |  | 
----------------------------------------+------------+--+-
lm_predictions.lm_head.dense.weight     | UNEXPECTED |  | 
mask_predictions.classifier.bias        | UNEXPECTED |  | 
mask_predictions.dense.bias             | UNEXPECTED |  | 
lm_predictions.lm_head.LayerNorm.bias   | UNEXPECTED |  | 
lm_predictions.lm_head.LayerNorm.weight | UNEXPECTED |  | 
mask_predictions.dense.weight           | UNEXPECTED |  | 
mask_predictions.LayerNorm.bias         | UNEXPECTED |  | 
mask_predictions.classifier.weight      | UNEXPECTED |  | 
lm_predictions.lm_head.dense.bias       | UNEXPECTED |  | 
lm_predictions.lm_head.bias             | UNEXPECTED |  | 
mask_predictions.LayerNorm.weight       | UNEXPECTED |  | 

Notes:
- UNEXPECTED:	can be ignored when loading from different task/architecture; not ok if you expect identical arch.
ep01 loss 3.737 | type 77.8 | ArgC-IoU 7.67 (P14.4/R5.2) | ArgI-IoU 17.99 | raw 5.40 | t0.3 | RgL 5.39 | 28s
ep02 loss 2.152 | type 82.9 | ArgC-IoU 14.77 (P20.7/R11.5) | ArgI-IoU 22.54 | raw 12.13 | t0.3 | RgL 17.37 | 55s
ep03 loss 1.674 | type 84.8 | ArgC-IoU 29.34 (P33.1/R26.4) | ArgI-IoU 36.28 | raw 21.50 | t0.3 | RgL 55.31 | 83s
ep04 loss 1.356 | type 85.4 | ArgC-IoU 37.15 (P44.3/R32.0) | ArgI-IoU 45.79 | raw 28.87 | t0.5 | RgL 67.25 | 108s
ep05 loss 1.070 | type 84.8 | ArgC-IoU 44.84 (P55.5/R37.6) | ArgI-IoU 50.60 | raw 32.44 | t0.6 | RgL 68.99 | 136s
ep06 loss 0.837 | type 88.6 | ArgC-IoU 42.75 (P45.9/R40.0) | ArgI-IoU 52.20 | raw 32.85 | t0.5 | RgL 74.39 | 164s
ep07 loss 0.667 | type 87.3 | ArgC-IoU 42.02 (P48.9/R36.8) | ArgI-IoU 49.83 | raw 32.25 | t0.6 | RgL 76.23 | 190s
ep08 loss 0.498 | type 88.6 | ArgC-IoU 45.79 (P51.8/R41.0) | ArgI-IoU 53.20 | raw 36.57 | t0.6 | RgL 76.98 | 217s
ep09 loss 0.377 | type 88.6 | ArgC-IoU 43.66 (P50.5/R38.4) | ArgI-IoU 50.74 | raw 34.61 | t0.7 | RgL 75.08 | 245s
ep10 loss 0.310 | type 88.6 | ArgC-IoU 44.57 (P50.3/R40.0) | ArgI-IoU 51.29 | raw 33.44 | t0.7 | RgL 76.13 | 271s
ep11 loss 0.245 | type 88.0 | ArgC-IoU 44.56 (P47.9/R41.6) | ArgI-IoU 52.53 | raw 34.52 | t0.7 | RgL 76.75 | 298s
ep12 loss 0.199 | type 88.6 | ArgC-IoU 45.35 (P49.8/R41.6) | ArgI-IoU 52.79 | raw 35.22 | t0.8 | RgL 77.09 | 324s
ep13 loss 0.167 | type 86.7 | ArgC-IoU 44.37 (P48.0/R41.2) | ArgI-IoU 51.73 | raw 34.91 | t0.8 | RgL 79.70 | 349s
ep14 loss 0.138 | type 88.6 | ArgC-IoU 45.59 (P49.0/R42.7) | ArgI-IoU 52.47 | raw 35.03 | t0.8 | RgL 78.15 | 375s
ep15 loss 0.111 | type 88.0 | ArgC-IoU 45.78 (P53.8/R39.8) | ArgI-IoU 53.41 | raw 36.69 | t0.9 | RgL 79.46 | 401s
ep16 loss 0.088 | type 88.0 | ArgC-IoU 45.69 (P47.2/R44.3) | ArgI-IoU 54.00 | raw 36.91 | t0.8 | RgL 78.26 | 427s
ep17 loss 0.077 | type 87.3 | ArgC-IoU 45.84 (P49.5/R42.7) | ArgI-IoU 52.97 | raw 36.08 | t0.85 | RgL 78.35 | 453s
ep18 loss 0.063 | type 88.0 | ArgC-IoU 45.28 (P47.3/R43.5) | ArgI-IoU 53.67 | raw 35.29 | t0.85 | RgL 79.03 | 481s
ep19 loss 0.050 | type 89.9 | ArgC-IoU 47.97 (P54.5/R42.9) | ArgI-IoU 55.41 | raw 38.44 | t0.9 | RgL 78.44 | 508s
ep20 loss 0.042 | type 87.3 | ArgC-IoU 46.15 (P47.7/R44.7) | ArgI-IoU 54.05 | raw 37.66 | t0.85 | RgL 78.57 | 536s
ep21 loss 0.036 | type 87.3 | ArgC-IoU 45.27 (P53.1/R39.4) | ArgI-IoU 52.19 | raw 37.96 | t0.93 | RgL 79.04 | 559s
ep22 loss 0.030 | type 89.2 | ArgC-IoU 48.01 (P50.1/R46.1) | ArgI-IoU 56.18 | raw 40.55 | t0.85 | RgL 78.93 | 586s
ep23 loss 0.026 | type 88.0 | ArgC-IoU 45.68 (P46.7/R44.7) | ArgI-IoU 53.91 | raw 36.99 | t0.85 | RgL 79.38 | 614s
ep24 loss 0.023 | type 88.0 | ArgC-IoU 45.12 (P53.4/R39.0) | ArgI-IoU 51.63 | raw 36.00 | t0.95 | RgL 78.52 | 640s
ep25 loss 0.019 | type 88.0 | ArgC-IoU 45.68 (P46.7/R44.7) | ArgI-IoU 53.50 | raw 37.87 | t0.85 | RgL 79.89 | 667s
ep26 loss 0.016 | type 88.6 | ArgC-IoU 46.37 (P46.5/R46.3) | ArgI-IoU 55.24 | raw 38.58 | t0.85 | RgL 79.91 | 694s
ep27 loss 0.015 | type 88.6 | ArgC-IoU 47.52 (P50.0/R45.3) | ArgI-IoU 55.97 | raw 38.67 | t0.9 | RgL 79.14 | 720s
ep28 loss 0.012 | type 89.2 | ArgC-IoU 46.43 (P46.4/R46.5) | ArgI-IoU 55.08 | raw 38.37 | t0.85 | RgL 80.12 | 746s
ep29 loss 0.011 | type 88.0 | ArgC-IoU 45.70 (P47.7/R43.9) | ArgI-IoU 53.88 | raw 37.69 | t0.9 | RgL 79.54 | 773s
ep30 loss 0.011 | type 88.0 | ArgC-IoU 46.04 (P46.4/R45.7) | ArgI-IoU 54.36 | raw 38.07 | t0.85 | RgL 79.86 | 796s

BEST: {
  "epoch": 22,
  "loss": 0.03017239040127606,
  "type_acc": 89.24050632911393,
  "arg_c_iou_f1": 48.00838574423481,
  "argmax_arg_c_iou_f1": 40.551500405515,
  "sel_tau": 0.85,
  "arg_i_iou_f1": 56.18448637316562,
  "arg_c_iou_p": 50.10940919037199,
  "arg_c_iou_r": 46.076458752515094,
  "arg_c_em_f1": 31.865828092243188,
  "arg_i_em_f1": 35.63941299790356,
  "trigger_rougeL_f1": 78.92538465196455,
  "secs": 586
}
Loading weights:   0%|          | 0/390 [00:00<?, ?it/s]Loading weights: 100%|██████████| 390/390 [00:00<00:00, 7125.68it/s]
[1mDebertaV2Model LOAD REPORT[0m from: microsoft/deberta-v3-large
Key                                     | Status     |  | 
----------------------------------------+------------+--+-
lm_predictions.lm_head.dense.weight     | UNEXPECTED |  | 
mask_predictions.classifier.bias        | UNEXPECTED |  | 
mask_predictions.dense.bias             | UNEXPECTED |  | 
lm_predictions.lm_head.LayerNorm.bias   | UNEXPECTED |  | 
lm_predictions.lm_head.LayerNorm.weight | UNEXPECTED |  | 
mask_predictions.dense.weight           | UNEXPECTED |  | 
mask_predictions.LayerNorm.bias         | UNEXPECTED |  | 
mask_predictions.classifier.weight      | UNEXPECTED |  | 
lm_predictions.lm_head.dense.bias       | UNEXPECTED |  | 
lm_predictions.lm_head.bias             | UNEXPECTED |  | 
mask_predictions.LayerNorm.weight       | UNEXPECTED |  | 

Notes:
- UNEXPECTED:	can be ignored when loading from different task/architecture; not ok if you expect identical arch.
[oof] fold 3 seed 101: 255 held-out windows, 1334 candidates -> /home/haipd/SciEvent/method/HONE/data/cands/oof_k3_s101.jsonl
[oof] deleted /home/haipd/SciEvent/method/HONE/runs/oof_k3_s101/best.pt
