Loading weights:   0%|          | 0/390 [00:00<?, ?it/s]Loading weights:  83%|████████▎ | 325/390 [00:00<00:00, 3232.07it/s]Loading weights: 100%|██████████| 390/390 [00:00<00:00, 3558.72it/s]
[1mDebertaV2Model LOAD REPORT[0m from: microsoft/deberta-v3-large
Key                                     | Status     |  | 
----------------------------------------+------------+--+-
mask_predictions.LayerNorm.bias         | UNEXPECTED |  | 
lm_predictions.lm_head.LayerNorm.bias   | UNEXPECTED |  | 
lm_predictions.lm_head.dense.bias       | UNEXPECTED |  | 
mask_predictions.dense.weight           | UNEXPECTED |  | 
lm_predictions.lm_head.bias             | UNEXPECTED |  | 
mask_predictions.classifier.bias        | UNEXPECTED |  | 
lm_predictions.lm_head.dense.weight     | UNEXPECTED |  | 
lm_predictions.lm_head.LayerNorm.weight | UNEXPECTED |  | 
mask_predictions.LayerNorm.weight       | UNEXPECTED |  | 
mask_predictions.dense.bias             | UNEXPECTED |  | 
mask_predictions.classifier.weight      | UNEXPECTED |  | 

Notes:
- UNEXPECTED:	can be ignored when loading from different task/architecture; not ok if you expect identical arch.
ep01 loss 3.697 | type 68.4 | ArgC-IoU 2.79 (P10.4/R1.6) | ArgI-IoU 4.88 | raw 2.21 | t0.3 | RgL 1.14 | 22s
ep02 loss 2.147 | type 87.3 | ArgC-IoU 19.74 (P24.6/R16.5) | ArgI-IoU 25.51 | raw 12.78 | t0.3 | RgL 27.10 | 44s
ep03 loss 1.684 | type 85.4 | ArgC-IoU 29.81 (P48.4/R21.5) | ArgI-IoU 37.05 | raw 20.05 | t0.5 | RgL 46.07 | 67s
ep04 loss 1.389 | type 88.0 | ArgC-IoU 38.24 (P46.7/R32.4) | ArgI-IoU 45.84 | raw 25.86 | t0.5 | RgL 61.90 | 90s
ep05 loss 1.086 | type 88.6 | ArgC-IoU 41.16 (P51.7/R34.2) | ArgI-IoU 48.91 | raw 32.40 | t0.6 | RgL 70.18 | 113s
ep06 loss 0.858 | type 89.2 | ArgC-IoU 42.81 (P50.0/R37.4) | ArgI-IoU 51.55 | raw 32.83 | t0.6 | RgL 70.34 | 136s
ep07 loss 0.662 | type 89.2 | ArgC-IoU 41.55 (P46.1/R37.8) | ArgI-IoU 50.61 | raw 32.15 | t0.6 | RgL 74.44 | 159s
ep08 loss 0.496 | type 89.2 | ArgC-IoU 44.75 (P52.4/R39.0) | ArgI-IoU 52.60 | raw 34.29 | t0.7 | RgL 73.98 | 181s
ep09 loss 0.399 | type 85.4 | ArgC-IoU 44.04 (P51.2/R38.6) | ArgI-IoU 50.69 | raw 34.06 | t0.7 | RgL 77.36 | 204s
ep10 loss 0.311 | type 90.5 | ArgC-IoU 44.05 (P46.2/R42.1) | ArgI-IoU 52.69 | raw 35.98 | t0.6 | RgL 76.48 | 226s
ep11 loss 0.248 | type 88.6 | ArgC-IoU 45.02 (P51.4/R40.0) | ArgI-IoU 53.39 | raw 34.74 | t0.8 | RgL 75.70 | 247s
ep12 loss 0.204 | type 90.5 | ArgC-IoU 43.42 (P52.9/R36.8) | ArgI-IoU 50.53 | raw 33.83 | t0.85 | RgL 75.91 | 270s
ep13 loss 0.169 | type 88.6 | ArgC-IoU 45.75 (P47.8/R43.9) | ArgI-IoU 54.35 | raw 35.45 | t0.7 | RgL 77.51 | 292s
ep14 loss 0.135 | type 88.6 | ArgC-IoU 44.49 (P47.5/R41.9) | ArgI-IoU 51.98 | raw 35.60 | t0.8 | RgL 77.79 | 314s
ep15 loss 0.115 | type 89.9 | ArgC-IoU 43.88 (P46.6/R41.4) | ArgI-IoU 51.97 | raw 34.41 | t0.8 | RgL 77.49 | 336s
ep16 loss 0.091 | type 90.5 | ArgC-IoU 46.78 (P52.1/R42.5) | ArgI-IoU 54.55 | raw 35.24 | t0.85 | RgL 77.58 | 358s
ep17 loss 0.074 | type 91.1 | ArgC-IoU 47.11 (P50.3/R44.3) | ArgI-IoU 55.46 | raw 36.61 | t0.85 | RgL 76.13 | 381s
ep18 loss 0.065 | type 88.6 | ArgC-IoU 46.22 (P49.9/R43.1) | ArgI-IoU 54.86 | raw 37.48 | t0.85 | RgL 77.86 | 404s
ep19 loss 0.054 | type 89.2 | ArgC-IoU 44.51 (P46.3/R42.9) | ArgI-IoU 54.75 | raw 36.28 | t0.85 | RgL 79.24 | 424s
ep20 loss 0.046 | type 89.9 | ArgC-IoU 45.84 (P46.8/R44.9) | ArgI-IoU 55.70 | raw 36.22 | t0.85 | RgL 78.32 | 445s
ep21 loss 0.039 | type 90.5 | ArgC-IoU 45.61 (P47.5/R43.9) | ArgI-IoU 53.77 | raw 36.61 | t0.85 | RgL 78.70 | 467s
ep22 loss 0.031 | type 89.9 | ArgC-IoU 46.33 (P49.1/R43.9) | ArgI-IoU 55.26 | raw 36.95 | t0.85 | RgL 77.71 | 489s
ep23 loss 0.026 | type 90.5 | ArgC-IoU 46.62 (P46.8/R46.5) | ArgI-IoU 56.91 | raw 37.59 | t0.8 | RgL 78.17 | 510s
ep24 loss 0.022 | type 90.5 | ArgC-IoU 45.76 (P49.1/R42.9) | ArgI-IoU 54.35 | raw 35.83 | t0.9 | RgL 78.60 | 531s
ep25 loss 0.021 | type 90.5 | ArgC-IoU 45.76 (P47.1/R44.5) | ArgI-IoU 54.87 | raw 36.50 | t0.85 | RgL 79.56 | 553s
ep26 loss 0.016 | type 90.5 | ArgC-IoU 45.21 (P45.8/R44.7) | ArgI-IoU 53.77 | raw 35.54 | t0.85 | RgL 78.89 | 575s
ep27 loss 0.014 | type 90.5 | ArgC-IoU 45.34 (P45.6/R45.1) | ArgI-IoU 54.66 | raw 36.69 | t0.85 | RgL 78.55 | 596s
ep28 loss 0.013 | type 90.5 | ArgC-IoU 46.05 (P45.8/R46.3) | ArgI-IoU 55.86 | raw 36.46 | t0.8 | RgL 78.67 | 618s
ep29 loss 0.011 | type 90.5 | ArgC-IoU 45.88 (P52.3/R40.8) | ArgI-IoU 54.24 | raw 37.02 | t0.93 | RgL 79.08 | 639s
ep30 loss 0.011 | type 90.5 | ArgC-IoU 45.78 (P46.3/R45.3) | ArgI-IoU 54.73 | raw 36.10 | t0.85 | RgL 79.09 | 661s

BEST: {
  "epoch": 17,
  "loss": 0.0744974474364426,
  "type_acc": 91.13924050632912,
  "arg_c_iou_f1": 47.10920770877945,
  "argmax_arg_c_iou_f1": 36.61119515885023,
  "sel_tau": 0.85,
  "arg_i_iou_f1": 55.46038543897216,
  "arg_c_iou_p": 50.34324942791763,
  "arg_c_iou_r": 44.26559356136821,
  "arg_c_em_f1": 30.406852248394006,
  "arg_i_em_f1": 34.475374732334046,
  "trigger_rougeL_f1": 76.12575643933391,
  "secs": 381
}
Loading weights:   0%|          | 0/390 [00:00<?, ?it/s]Loading weights: 100%|██████████| 390/390 [00:00<00:00, 6965.27it/s]
[1mDebertaV2Model LOAD REPORT[0m from: microsoft/deberta-v3-large
Key                                     | Status     |  | 
----------------------------------------+------------+--+-
mask_predictions.LayerNorm.bias         | UNEXPECTED |  | 
lm_predictions.lm_head.LayerNorm.bias   | UNEXPECTED |  | 
lm_predictions.lm_head.dense.bias       | UNEXPECTED |  | 
mask_predictions.dense.weight           | UNEXPECTED |  | 
lm_predictions.lm_head.bias             | UNEXPECTED |  | 
mask_predictions.classifier.bias        | UNEXPECTED |  | 
lm_predictions.lm_head.dense.weight     | UNEXPECTED |  | 
lm_predictions.lm_head.LayerNorm.weight | UNEXPECTED |  | 
mask_predictions.LayerNorm.weight       | UNEXPECTED |  | 
mask_predictions.dense.bias             | UNEXPECTED |  | 
mask_predictions.classifier.weight      | UNEXPECTED |  | 

Notes:
- UNEXPECTED:	can be ignored when loading from different task/architecture; not ok if you expect identical arch.
[oof] fold 2 seed 42: 255 held-out windows, 1258 candidates -> /home/haipd/SciEvent/method/HONE/data/cands/oof_k2_s42.jsonl
[oof] deleted /home/haipd/SciEvent/method/HONE/runs/oof_k2_s42/best.pt
