Loading weights:   0%|          | 0/390 [00:00<?, ?it/s]Loading weights:  97%|█████████▋| 377/390 [00:00<00:00, 3734.08it/s]Loading weights: 100%|██████████| 390/390 [00:00<00:00, 3848.64it/s]
[1mDebertaV2Model LOAD REPORT[0m from: microsoft/deberta-v3-large
Key                                     | Status     |  | 
----------------------------------------+------------+--+-
mask_predictions.classifier.weight      | UNEXPECTED |  | 
mask_predictions.dense.weight           | UNEXPECTED |  | 
mask_predictions.LayerNorm.weight       | UNEXPECTED |  | 
lm_predictions.lm_head.bias             | UNEXPECTED |  | 
lm_predictions.lm_head.LayerNorm.bias   | UNEXPECTED |  | 
lm_predictions.lm_head.dense.bias       | UNEXPECTED |  | 
mask_predictions.LayerNorm.bias         | UNEXPECTED |  | 
lm_predictions.lm_head.dense.weight     | UNEXPECTED |  | 
lm_predictions.lm_head.LayerNorm.weight | UNEXPECTED |  | 
mask_predictions.dense.bias             | UNEXPECTED |  | 
mask_predictions.classifier.bias        | UNEXPECTED |  | 

Notes:
- UNEXPECTED:	can be ignored when loading from different task/architecture; not ok if you expect identical arch.
ep01 loss 3.711 | type 62.7 | ArgC-IoU 0.39 (P8.3/R0.2) | ArgI-IoU 0.39 | raw 0.91 | t0.3 | RgL 0.13 | 25s
ep02 loss 2.164 | type 88.6 | ArgC-IoU 19.22 (P29.3/R14.3) | ArgI-IoU 30.31 | raw 13.64 | t0.3 | RgL 22.57 | 53s
ep03 loss 1.675 | type 87.3 | ArgC-IoU 22.73 (P39.9/R15.9) | ArgI-IoU 29.93 | raw 17.52 | t0.5 | RgL 50.42 | 81s
ep04 loss 1.345 | type 87.3 | ArgC-IoU 38.22 (P45.8/R32.8) | ArgI-IoU 44.78 | raw 28.55 | t0.5 | RgL 61.01 | 109s
ep05 loss 1.074 | type 89.2 | ArgC-IoU 40.34 (P50.0/R33.8) | ArgI-IoU 47.30 | raw 31.16 | t0.6 | RgL 69.09 | 138s
ep06 loss 0.843 | type 88.0 | ArgC-IoU 42.58 (P49.7/R37.2) | ArgI-IoU 49.25 | raw 33.58 | t0.6 | RgL 72.93 | 163s
ep07 loss 0.650 | type 88.0 | ArgC-IoU 42.41 (P47.6/R38.2) | ArgI-IoU 50.00 | raw 33.25 | t0.6 | RgL 75.00 | 191s
ep08 loss 0.499 | type 89.9 | ArgC-IoU 43.74 (P50.4/R38.6) | ArgI-IoU 51.71 | raw 34.04 | t0.7 | RgL 73.89 | 218s
ep09 loss 0.386 | type 88.0 | ArgC-IoU 44.04 (P51.2/R38.6) | ArgI-IoU 51.15 | raw 34.93 | t0.7 | RgL 77.36 | 246s
ep10 loss 0.313 | type 88.6 | ArgC-IoU 44.23 (P54.9/R37.0) | ArgI-IoU 51.20 | raw 33.62 | t0.85 | RgL 77.37 | 275s
ep11 loss 0.245 | type 88.6 | ArgC-IoU 41.19 (P42.0/R40.4) | ArgI-IoU 49.59 | raw 32.02 | t0.7 | RgL 76.93 | 300s
ep12 loss 0.209 | type 87.3 | ArgC-IoU 43.52 (P51.2/R37.8) | ArgI-IoU 50.93 | raw 32.44 | t0.85 | RgL 76.95 | 327s
ep13 loss 0.162 | type 89.2 | ArgC-IoU 44.62 (P51.0/R39.6) | ArgI-IoU 53.00 | raw 33.70 | t0.85 | RgL 76.87 | 354s
ep14 loss 0.141 | type 89.2 | ArgC-IoU 42.98 (P48.1/R38.8) | ArgI-IoU 51.00 | raw 34.37 | t0.85 | RgL 77.17 | 382s
ep15 loss 0.109 | type 89.2 | ArgC-IoU 44.00 (P46.1/R42.1) | ArgI-IoU 52.00 | raw 34.16 | t0.8 | RgL 77.19 | 409s
ep16 loss 0.090 | type 89.9 | ArgC-IoU 45.22 (P47.9/R42.9) | ArgI-IoU 55.20 | raw 34.50 | t0.85 | RgL 76.47 | 435s
ep17 loss 0.075 | type 89.9 | ArgC-IoU 42.73 (P49.1/R37.8) | ArgI-IoU 51.14 | raw 34.49 | t0.9 | RgL 77.90 | 463s
ep18 loss 0.062 | type 88.6 | ArgC-IoU 43.82 (P45.3/R42.5) | ArgI-IoU 51.92 | raw 33.06 | t0.8 | RgL 77.56 | 490s
ep19 loss 0.054 | type 89.2 | ArgC-IoU 43.88 (P44.1/R43.7) | ArgI-IoU 52.98 | raw 35.82 | t0.8 | RgL 77.61 | 517s
ep20 loss 0.044 | type 89.2 | ArgC-IoU 44.39 (P51.5/R39.0) | ArgI-IoU 52.40 | raw 34.49 | t0.93 | RgL 77.80 | 543s
ep21 loss 0.036 | type 88.0 | ArgC-IoU 42.67 (P52.3/R36.0) | ArgI-IoU 50.06 | raw 33.26 | t0.95 | RgL 78.56 | 569s
ep22 loss 0.032 | type 88.6 | ArgC-IoU 43.50 (P43.9/R43.1) | ArgI-IoU 54.07 | raw 35.02 | t0.85 | RgL 78.36 | 587s
ep23 loss 0.028 | type 88.6 | ArgC-IoU 44.32 (P50.9/R39.2) | ArgI-IoU 52.27 | raw 35.47 | t0.93 | RgL 78.12 | 602s
ep24 loss 0.021 | type 88.0 | ArgC-IoU 43.24 (P46.7/R40.2) | ArgI-IoU 51.03 | raw 34.88 | t0.9 | RgL 78.34 | 616s
ep25 loss 0.019 | type 88.6 | ArgC-IoU 44.30 (P49.9/R39.8) | ArgI-IoU 51.90 | raw 34.23 | t0.93 | RgL 80.15 | 630s
ep26 loss 0.017 | type 89.9 | ArgC-IoU 44.44 (P47.9/R41.4) | ArgI-IoU 52.43 | raw 34.01 | t0.9 | RgL 78.51 | 644s
ep27 loss 0.014 | type 89.2 | ArgC-IoU 43.86 (P44.3/R43.5) | ArgI-IoU 52.99 | raw 34.62 | t0.85 | RgL 78.39 | 666s
ep28 loss 0.013 | type 88.0 | ArgC-IoU 43.88 (P49.1/R39.6) | ArgI-IoU 51.89 | raw 34.95 | t0.93 | RgL 78.80 | 693s
ep29 loss 0.011 | type 88.0 | ArgC-IoU 43.33 (P47.5/R39.8) | ArgI-IoU 51.64 | raw 33.92 | t0.93 | RgL 78.89 | 719s
ep30 loss 0.011 | type 88.0 | ArgC-IoU 43.21 (P51.1/R37.4) | ArgI-IoU 51.10 | raw 33.92 | t0.95 | RgL 78.69 | 746s

BEST: {
  "epoch": 16,
  "loss": 0.09010117793513928,
  "type_acc": 89.87341772151899,
  "arg_c_iou_f1": 45.22292993630573,
  "argmax_arg_c_iou_f1": 34.50429352068697,
  "sel_tau": 0.85,
  "arg_i_iou_f1": 55.20169851380042,
  "arg_c_iou_p": 47.86516853932584,
  "arg_c_iou_r": 42.857142857142854,
  "arg_c_em_f1": 28.874734607218688,
  "arg_i_em_f1": 34.39490445859873,
  "trigger_rougeL_f1": 76.47487479714783,
  "secs": 435
}
Loading weights:   0%|          | 0/390 [00:00<?, ?it/s]Loading weights: 100%|██████████| 390/390 [00:00<00:00, 5221.41it/s]
[1mDebertaV2Model LOAD REPORT[0m from: microsoft/deberta-v3-large
Key                                     | Status     |  | 
----------------------------------------+------------+--+-
mask_predictions.classifier.weight      | UNEXPECTED |  | 
mask_predictions.dense.weight           | UNEXPECTED |  | 
mask_predictions.LayerNorm.weight       | UNEXPECTED |  | 
lm_predictions.lm_head.bias             | UNEXPECTED |  | 
lm_predictions.lm_head.LayerNorm.bias   | UNEXPECTED |  | 
lm_predictions.lm_head.dense.bias       | UNEXPECTED |  | 
mask_predictions.LayerNorm.bias         | UNEXPECTED |  | 
lm_predictions.lm_head.dense.weight     | UNEXPECTED |  | 
lm_predictions.lm_head.LayerNorm.weight | UNEXPECTED |  | 
mask_predictions.dense.bias             | UNEXPECTED |  | 
mask_predictions.classifier.bias        | UNEXPECTED |  | 

Notes:
- UNEXPECTED:	can be ignored when loading from different task/architecture; not ok if you expect identical arch.
[oof] fold 2 seed 101: 255 held-out windows, 1221 candidates -> /home/haipd/SciEvent/method/HONE/data/cands/oof_k2_s101.jsonl
[oof] deleted /home/haipd/SciEvent/method/HONE/runs/oof_k2_s101/best.pt
