Loading weights:   0%|          | 0/390 [00:00<?, ?it/s]Loading weights:  80%|████████  | 312/390 [00:00<00:00, 3119.48it/s]Loading weights: 100%|██████████| 390/390 [00:00<00:00, 3000.42it/s]
[1mDebertaV2Model LOAD REPORT[0m from: microsoft/deberta-v3-large
Key                                     | Status     |  | 
----------------------------------------+------------+--+-
mask_predictions.dense.bias             | UNEXPECTED |  | 
lm_predictions.lm_head.LayerNorm.weight | UNEXPECTED |  | 
lm_predictions.lm_head.bias             | UNEXPECTED |  | 
lm_predictions.lm_head.dense.bias       | UNEXPECTED |  | 
mask_predictions.dense.weight           | UNEXPECTED |  | 
lm_predictions.lm_head.dense.weight     | UNEXPECTED |  | 
mask_predictions.classifier.weight      | UNEXPECTED |  | 
mask_predictions.LayerNorm.bias         | UNEXPECTED |  | 
mask_predictions.classifier.bias        | UNEXPECTED |  | 
mask_predictions.LayerNorm.weight       | UNEXPECTED |  | 
lm_predictions.lm_head.LayerNorm.bias   | UNEXPECTED |  | 

Notes:
- UNEXPECTED:	can be ignored when loading from different task/architecture; not ok if you expect identical arch.
ep01 loss 3.523 | type 53.2 | ArgC-IoU 0.00 (P0.0/R0.0) | ArgI-IoU 0.00 | raw 0.00 | t0.3 | RgL 0.00 | 26s
ep02 loss 2.326 | type 84.2 | ArgC-IoU 22.34 (P23.5/R21.3) | ArgI-IoU 30.77 | raw 14.70 | t0.3 | RgL 17.02 | 53s
ep03 loss 1.819 | type 88.0 | ArgC-IoU 34.55 (P46.3/R27.6) | ArgI-IoU 43.63 | raw 24.91 | t0.5 | RgL 53.69 | 83s
ep04 loss 1.450 | type 86.1 | ArgC-IoU 38.61 (P45.4/R33.6) | ArgI-IoU 45.32 | raw 26.70 | t0.5 | RgL 74.26 | 111s
ep05 loss 1.172 | type 89.9 | ArgC-IoU 44.73 (P48.0/R41.9) | ArgI-IoU 51.83 | raw 34.32 | t0.5 | RgL 71.62 | 139s
ep06 loss 0.923 | type 86.1 | ArgC-IoU 42.72 (P51.3/R36.6) | ArgI-IoU 49.77 | raw 32.65 | t0.6 | RgL 77.30 | 167s
ep07 loss 0.717 | type 88.6 | ArgC-IoU 42.84 (P54.7/R35.2) | ArgI-IoU 48.23 | raw 31.59 | t0.7 | RgL 76.58 | 194s
ep08 loss 0.556 | type 89.2 | ArgC-IoU 44.01 (P48.0/R40.6) | ArgI-IoU 51.20 | raw 35.16 | t0.6 | RgL 77.19 | 218s
ep09 loss 0.429 | type 87.3 | ArgC-IoU 39.86 (P49.4/R33.4) | ArgI-IoU 48.50 | raw 31.18 | t0.8 | RgL 77.21 | 245s
ep10 loss 0.337 | type 87.3 | ArgC-IoU 45.62 (P53.4/R39.8) | ArgI-IoU 53.00 | raw 35.53 | t0.8 | RgL 77.14 | 270s
ep11 loss 0.267 | type 88.6 | ArgC-IoU 44.30 (P49.3/R40.2) | ArgI-IoU 51.83 | raw 34.58 | t0.8 | RgL 78.22 | 298s
ep12 loss 0.209 | type 88.6 | ArgC-IoU 47.10 (P52.9/R42.5) | ArgI-IoU 55.13 | raw 37.39 | t0.8 | RgL 80.24 | 325s
ep13 loss 0.181 | type 88.6 | ArgC-IoU 46.09 (P50.1/R42.7) | ArgI-IoU 55.87 | raw 37.19 | t0.8 | RgL 79.43 | 353s
ep14 loss 0.146 | type 88.6 | ArgC-IoU 46.36 (P53.3/R41.0) | ArgI-IoU 53.41 | raw 35.14 | t0.85 | RgL 79.25 | 379s
ep15 loss 0.119 | type 90.5 | ArgC-IoU 44.92 (P47.9/R42.3) | ArgI-IoU 53.90 | raw 35.84 | t0.8 | RgL 77.33 | 406s
ep16 loss 0.098 | type 87.3 | ArgC-IoU 46.23 (P48.1/R44.5) | ArgI-IoU 53.97 | raw 36.29 | t0.8 | RgL 78.49 | 432s
ep17 loss 0.082 | type 89.9 | ArgC-IoU 46.84 (P50.0/R44.1) | ArgI-IoU 54.55 | raw 36.49 | t0.85 | RgL 80.19 | 459s
ep18 loss 0.067 | type 88.6 | ArgC-IoU 43.66 (P45.2/R42.3) | ArgI-IoU 53.01 | raw 33.79 | t0.8 | RgL 80.83 | 486s
ep19 loss 0.053 | type 88.6 | ArgC-IoU 46.33 (P47.7/R45.1) | ArgI-IoU 54.19 | raw 35.75 | t0.85 | RgL 81.69 | 513s
ep20 loss 0.044 | type 89.2 | ArgC-IoU 46.18 (P46.1/R46.3) | ArgI-IoU 55.02 | raw 36.91 | t0.8 | RgL 78.57 | 539s
ep21 loss 0.039 | type 89.2 | ArgC-IoU 46.60 (P50.2/R43.5) | ArgI-IoU 55.23 | raw 37.71 | t0.9 | RgL 80.94 | 565s
ep22 loss 0.033 | type 88.6 | ArgC-IoU 45.91 (P45.5/R46.3) | ArgI-IoU 54.29 | raw 38.41 | t0.8 | RgL 78.95 | 590s
ep23 loss 0.026 | type 89.2 | ArgC-IoU 46.77 (P50.3/R43.7) | ArgI-IoU 55.39 | raw 38.57 | t0.9 | RgL 79.63 | 617s
ep24 loss 0.023 | type 89.2 | ArgC-IoU 46.26 (P53.0/R41.0) | ArgI-IoU 54.42 | raw 37.46 | t0.93 | RgL 79.22 | 642s
ep25 loss 0.019 | type 89.2 | ArgC-IoU 45.01 (P49.5/R41.2) | ArgI-IoU 53.57 | raw 36.43 | t0.93 | RgL 79.83 | 668s
ep26 loss 0.016 | type 89.2 | ArgC-IoU 47.44 (P49.3/R45.7) | ArgI-IoU 56.22 | raw 36.68 | t0.9 | RgL 79.55 | 694s
ep27 loss 0.014 | type 89.2 | ArgC-IoU 46.88 (P49.3/R44.7) | ArgI-IoU 54.49 | raw 36.88 | t0.9 | RgL 80.21 | 711s
ep28 loss 0.013 | type 88.6 | ArgC-IoU 45.41 (P52.8/R39.8) | ArgI-IoU 53.44 | raw 36.10 | t0.95 | RgL 78.31 | 724s
ep29 loss 0.011 | type 89.2 | ArgC-IoU 46.49 (P50.2/R43.3) | ArgI-IoU 54.49 | raw 37.03 | t0.93 | RgL 79.67 | 738s
ep30 loss 0.011 | type 89.2 | ArgC-IoU 46.51 (P50.8/R42.9) | ArgI-IoU 54.80 | raw 36.91 | t0.93 | RgL 79.40 | 751s

BEST: {
  "epoch": 26,
  "loss": 0.01634949388790119,
  "type_acc": 89.24050632911393,
  "arg_c_iou_f1": 47.43991640543365,
  "argmax_arg_c_iou_f1": 36.68188736681888,
  "sel_tau": 0.9,
  "arg_i_iou_f1": 56.21734587251829,
  "arg_c_iou_p": 49.34782608695652,
  "arg_c_iou_r": 45.67404426559356,
  "arg_c_em_f1": 30.094043887147336,
  "arg_i_em_f1": 34.06478578892372,
  "trigger_rougeL_f1": 79.54894483878692,
  "secs": 694
}
Loading weights:   0%|          | 0/390 [00:00<?, ?it/s]Loading weights: 100%|██████████| 390/390 [00:00<00:00, 5695.29it/s]
[1mDebertaV2Model LOAD REPORT[0m from: microsoft/deberta-v3-large
Key                                     | Status     |  | 
----------------------------------------+------------+--+-
mask_predictions.dense.bias             | UNEXPECTED |  | 
lm_predictions.lm_head.LayerNorm.weight | UNEXPECTED |  | 
lm_predictions.lm_head.bias             | UNEXPECTED |  | 
lm_predictions.lm_head.dense.bias       | UNEXPECTED |  | 
mask_predictions.dense.weight           | UNEXPECTED |  | 
lm_predictions.lm_head.dense.weight     | UNEXPECTED |  | 
mask_predictions.classifier.weight      | UNEXPECTED |  | 
mask_predictions.LayerNorm.bias         | UNEXPECTED |  | 
mask_predictions.classifier.bias        | UNEXPECTED |  | 
mask_predictions.LayerNorm.weight       | UNEXPECTED |  | 
lm_predictions.lm_head.LayerNorm.bias   | UNEXPECTED |  | 

Notes:
- UNEXPECTED:	can be ignored when loading from different task/architecture; not ok if you expect identical arch.
[oof] fold 1 seed 42: 256 held-out windows, 1281 candidates -> /home/haipd/SciEvent/method/HONE/data/cands/simple_oof_k1_s42.jsonl
[oof] deleted /home/haipd/SciEvent/method/HONE/runs/simple_oof_k1_s42/best.pt
