Loading weights:   0%|          | 0/390 [00:00<?, ?it/s]Loading weights:  98%|█████████▊| 382/390 [00:00<00:00, 3819.76it/s]Loading weights: 100%|██████████| 390/390 [00:00<00:00, 3865.47it/s]
[1mDebertaV2Model LOAD REPORT[0m from: microsoft/deberta-v3-large
Key                                     | Status     |  | 
----------------------------------------+------------+--+-
mask_predictions.classifier.weight      | UNEXPECTED |  | 
mask_predictions.dense.bias             | UNEXPECTED |  | 
mask_predictions.classifier.bias        | UNEXPECTED |  | 
lm_predictions.lm_head.LayerNorm.weight | UNEXPECTED |  | 
lm_predictions.lm_head.dense.weight     | UNEXPECTED |  | 
mask_predictions.dense.weight           | UNEXPECTED |  | 
mask_predictions.LayerNorm.bias         | UNEXPECTED |  | 
lm_predictions.lm_head.dense.bias       | UNEXPECTED |  | 
lm_predictions.lm_head.LayerNorm.bias   | UNEXPECTED |  | 
mask_predictions.LayerNorm.weight       | UNEXPECTED |  | 
lm_predictions.lm_head.bias             | UNEXPECTED |  | 

Notes:
- UNEXPECTED:	can be ignored when loading from different task/architecture; not ok if you expect identical arch.
ep01 loss 3.506 | type 69.0 | ArgC-IoU 0.00 (P0.0/R0.0) | ArgI-IoU 0.00 | raw 2.78 | t0.3 | RgL 0.00 | 14s
ep02 loss 2.338 | type 80.4 | ArgC-IoU 20.67 (P21.5/R19.9) | ArgI-IoU 28.81 | raw 12.23 | t0.3 | RgL 19.60 | 29s
ep03 loss 1.876 | type 89.2 | ArgC-IoU 30.99 (P56.7/R21.3) | ArgI-IoU 38.01 | raw 22.01 | t0.5 | RgL 58.21 | 44s
ep04 loss 1.504 | type 86.7 | ArgC-IoU 38.94 (P45.6/R34.0) | ArgI-IoU 47.00 | raw 28.12 | t0.5 | RgL 67.68 | 59s
ep05 loss 1.189 | type 87.3 | ArgC-IoU 42.19 (P51.8/R35.6) | ArgI-IoU 48.39 | raw 30.11 | t0.6 | RgL 74.71 | 86s
ep06 loss 0.935 | type 89.2 | ArgC-IoU 41.16 (P48.8/R35.6) | ArgI-IoU 46.28 | raw 30.74 | t0.6 | RgL 76.65 | 113s
ep07 loss 0.741 | type 89.9 | ArgC-IoU 46.39 (P50.8/R42.7) | ArgI-IoU 52.08 | raw 32.85 | t0.6 | RgL 73.78 | 142s
ep08 loss 0.562 | type 87.3 | ArgC-IoU 42.72 (P43.9/R41.6) | ArgI-IoU 50.36 | raw 33.83 | t0.5 | RgL 76.88 | 169s
ep09 loss 0.441 | type 88.6 | ArgC-IoU 46.05 (P53.5/R40.4) | ArgI-IoU 53.15 | raw 35.73 | t0.7 | RgL 78.38 | 194s
ep10 loss 0.342 | type 89.2 | ArgC-IoU 43.25 (P57.1/R34.8) | ArgI-IoU 49.00 | raw 33.18 | t0.85 | RgL 78.02 | 219s
ep11 loss 0.272 | type 87.3 | ArgC-IoU 46.14 (P53.0/R40.8) | ArgI-IoU 53.64 | raw 34.37 | t0.8 | RgL 75.33 | 245s
ep12 loss 0.218 | type 89.2 | ArgC-IoU 46.58 (P52.5/R41.9) | ArgI-IoU 53.75 | raw 34.69 | t0.8 | RgL 79.76 | 272s
ep13 loss 0.183 | type 88.6 | ArgC-IoU 45.33 (P54.0/R39.0) | ArgI-IoU 51.40 | raw 32.97 | t0.85 | RgL 78.34 | 300s
ep14 loss 0.151 | type 89.9 | ArgC-IoU 47.61 (P48.1/R47.1) | ArgI-IoU 55.54 | raw 36.20 | t0.7 | RgL 79.20 | 326s
ep15 loss 0.117 | type 88.6 | ArgC-IoU 47.36 (P53.6/R42.5) | ArgI-IoU 54.32 | raw 36.83 | t0.85 | RgL 78.60 | 353s
ep16 loss 0.097 | type 88.6 | ArgC-IoU 46.20 (P47.8/R44.7) | ArgI-IoU 54.53 | raw 35.74 | t0.8 | RgL 78.64 | 379s
ep17 loss 0.087 | type 89.2 | ArgC-IoU 47.00 (P49.3/R44.9) | ArgI-IoU 55.01 | raw 35.05 | t0.8 | RgL 76.87 | 404s
ep18 loss 0.067 | type 88.0 | ArgC-IoU 45.41 (P49.6/R41.9) | ArgI-IoU 51.75 | raw 33.26 | t0.85 | RgL 77.61 | 430s
ep19 loss 0.057 | type 89.9 | ArgC-IoU 46.36 (P53.3/R41.0) | ArgI-IoU 52.73 | raw 35.10 | t0.9 | RgL 79.93 | 456s
ep20 loss 0.047 | type 89.2 | ArgC-IoU 45.47 (P46.5/R44.5) | ArgI-IoU 52.67 | raw 35.84 | t0.8 | RgL 78.49 | 483s
ep21 loss 0.040 | type 89.9 | ArgC-IoU 44.94 (P50.2/R40.6) | ArgI-IoU 52.28 | raw 33.82 | t0.9 | RgL 78.56 | 510s
ep22 loss 0.034 | type 89.9 | ArgC-IoU 46.37 (P47.1/R45.7) | ArgI-IoU 54.34 | raw 35.82 | t0.8 | RgL 79.10 | 536s
ep23 loss 0.029 | type 90.5 | ArgC-IoU 47.44 (P53.1/R42.9) | ArgI-IoU 54.34 | raw 35.16 | t0.9 | RgL 79.97 | 562s
ep24 loss 0.025 | type 89.9 | ArgC-IoU 46.34 (P50.7/R42.7) | ArgI-IoU 52.68 | raw 34.01 | t0.9 | RgL 78.97 | 588s
ep25 loss 0.020 | type 89.2 | ArgC-IoU 47.73 (P52.9/R43.5) | ArgI-IoU 54.36 | raw 34.48 | t0.9 | RgL 79.72 | 615s
ep26 loss 0.017 | type 89.2 | ArgC-IoU 48.28 (P51.7/R45.3) | ArgI-IoU 55.58 | raw 37.03 | t0.9 | RgL 78.57 | 642s
ep27 loss 0.014 | type 89.9 | ArgC-IoU 47.27 (P50.5/R44.5) | ArgI-IoU 54.33 | raw 35.69 | t0.9 | RgL 79.20 | 670s
ep28 loss 0.013 | type 89.2 | ArgC-IoU 48.60 (P52.4/R45.3) | ArgI-IoU 56.16 | raw 35.71 | t0.9 | RgL 79.69 | 696s
ep29 loss 0.011 | type 89.9 | ArgC-IoU 48.71 (P52.4/R45.5) | ArgI-IoU 56.03 | raw 35.70 | t0.9 | RgL 79.53 | 725s
ep30 loss 0.012 | type 89.9 | ArgC-IoU 47.96 (P51.5/R44.9) | ArgI-IoU 55.48 | raw 35.29 | t0.9 | RgL 79.49 | 752s

BEST: {
  "epoch": 29,
  "loss": 0.011446528557826241,
  "type_acc": 89.87341772151899,
  "arg_c_iou_f1": 48.706896551724135,
  "argmax_arg_c_iou_f1": 35.69861009509875,
  "sel_tau": 0.9,
  "arg_i_iou_f1": 56.03448275862068,
  "arg_c_iou_p": 52.43619489559165,
  "arg_c_iou_r": 45.47283702213279,
  "arg_c_em_f1": 28.448275862068968,
  "arg_i_em_f1": 31.89655172413793,
  "trigger_rougeL_f1": 79.53176611654054,
  "secs": 725
}
Loading weights:   0%|          | 0/390 [00:00<?, ?it/s]Loading weights: 100%|██████████| 390/390 [00:00<00:00, 5975.38it/s]
[1mDebertaV2Model LOAD REPORT[0m from: microsoft/deberta-v3-large
Key                                     | Status     |  | 
----------------------------------------+------------+--+-
mask_predictions.classifier.weight      | UNEXPECTED |  | 
mask_predictions.dense.bias             | UNEXPECTED |  | 
mask_predictions.classifier.bias        | UNEXPECTED |  | 
lm_predictions.lm_head.LayerNorm.weight | UNEXPECTED |  | 
lm_predictions.lm_head.dense.weight     | UNEXPECTED |  | 
mask_predictions.dense.weight           | UNEXPECTED |  | 
mask_predictions.LayerNorm.bias         | UNEXPECTED |  | 
lm_predictions.lm_head.dense.bias       | UNEXPECTED |  | 
lm_predictions.lm_head.LayerNorm.bias   | UNEXPECTED |  | 
mask_predictions.LayerNorm.weight       | UNEXPECTED |  | 
lm_predictions.lm_head.bias             | UNEXPECTED |  | 

Notes:
- UNEXPECTED:	can be ignored when loading from different task/architecture; not ok if you expect identical arch.
[oof] fold 0 seed 42: 257 held-out windows, 1331 candidates -> /home/haipd/SciEvent/method/HONE/data/cands/simple_oof_k0_s42.jsonl
[oof] deleted /home/haipd/SciEvent/method/HONE/runs/simple_oof_k0_s42/best.pt
