Loading weights:   0%|          | 0/390 [00:00<?, ?it/s]Loading weights: 100%|██████████| 390/390 [00:00<00:00, 5175.17it/s]
[1mDebertaV2Model LOAD REPORT[0m from: microsoft/deberta-v3-large
Key                                     | Status     |  | 
----------------------------------------+------------+--+-
mask_predictions.dense.bias             | UNEXPECTED |  | 
lm_predictions.lm_head.dense.weight     | UNEXPECTED |  | 
lm_predictions.lm_head.LayerNorm.bias   | UNEXPECTED |  | 
mask_predictions.LayerNorm.weight       | UNEXPECTED |  | 
lm_predictions.lm_head.LayerNorm.weight | UNEXPECTED |  | 
mask_predictions.LayerNorm.bias         | UNEXPECTED |  | 
lm_predictions.lm_head.dense.bias       | UNEXPECTED |  | 
mask_predictions.dense.weight           | UNEXPECTED |  | 
lm_predictions.lm_head.bias             | UNEXPECTED |  | 
mask_predictions.classifier.weight      | UNEXPECTED |  | 
mask_predictions.classifier.bias        | UNEXPECTED |  | 

Notes:
- UNEXPECTED:	can be ignored when loading from different task/architecture; not ok if you expect identical arch.
ep01 loss 3.558 | type 75.9 | ArgC-IoU 14.70 (P23.7/R10.7) | ArgI-IoU 20.53 | raw 8.99 | t0.3 | RgL 6.32 | 26s
ep02 loss 2.042 | type 85.4 | ArgC-IoU 21.09 (P28.6/R16.7) | ArgI-IoU 31.26 | raw 16.08 | t0.3 | RgL 37.15 | 53s
ep03 loss 1.648 | type 87.3 | ArgC-IoU 33.63 (P45.2/R26.8) | ArgI-IoU 41.21 | raw 24.28 | t0.5 | RgL 52.55 | 81s
ep04 loss 1.320 | type 86.1 | ArgC-IoU 38.26 (P48.0/R31.8) | ArgI-IoU 45.76 | raw 26.53 | t0.5 | RgL 68.11 | 109s
ep05 loss 1.044 | type 85.4 | ArgC-IoU 40.96 (P50.6/R34.4) | ArgI-IoU 46.95 | raw 29.51 | t0.6 | RgL 73.71 | 136s
ep06 loss 0.811 | type 87.3 | ArgC-IoU 43.55 (P50.9/R38.0) | ArgI-IoU 51.84 | raw 34.70 | t0.6 | RgL 75.74 | 164s
ep07 loss 0.624 | type 88.6 | ArgC-IoU 46.58 (P53.8/R41.0) | ArgI-IoU 54.57 | raw 36.09 | t0.6 | RgL 77.36 | 192s
ep08 loss 0.479 | type 89.2 | ArgC-IoU 44.37 (P51.0/R39.2) | ArgI-IoU 50.97 | raw 33.46 | t0.7 | RgL 77.59 | 220s
ep09 loss 0.368 | type 89.9 | ArgC-IoU 42.46 (P53.0/R35.4) | ArgI-IoU 49.70 | raw 32.79 | t0.8 | RgL 76.71 | 247s
ep10 loss 0.288 | type 89.9 | ArgC-IoU 45.12 (P51.7/R40.0) | ArgI-IoU 51.70 | raw 35.77 | t0.8 | RgL 78.77 | 275s
ep11 loss 0.235 | type 89.2 | ArgC-IoU 45.35 (P53.7/R39.2) | ArgI-IoU 53.26 | raw 35.50 | t0.85 | RgL 74.69 | 301s
ep12 loss 0.185 | type 89.2 | ArgC-IoU 46.53 (P55.9/R39.8) | ArgI-IoU 53.35 | raw 34.74 | t0.85 | RgL 78.14 | 327s
ep13 loss 0.152 | type 90.5 | ArgC-IoU 44.30 (P48.7/R40.6) | ArgI-IoU 51.54 | raw 34.95 | t0.8 | RgL 75.41 | 354s
ep14 loss 0.128 | type 89.2 | ArgC-IoU 45.10 (P47.3/R43.1) | ArgI-IoU 52.05 | raw 34.62 | t0.8 | RgL 76.88 | 380s
ep15 loss 0.101 | type 90.5 | ArgC-IoU 44.68 (P46.9/R42.7) | ArgI-IoU 52.27 | raw 35.83 | t0.8 | RgL 76.63 | 407s
ep16 loss 0.086 | type 89.9 | ArgC-IoU 45.81 (P49.2/R42.9) | ArgI-IoU 53.76 | raw 36.77 | t0.85 | RgL 77.67 | 434s
ep17 loss 0.068 | type 89.2 | ArgC-IoU 45.37 (P48.2/R42.9) | ArgI-IoU 53.89 | raw 36.03 | t0.85 | RgL 78.57 | 460s
ep18 loss 0.058 | type 89.9 | ArgC-IoU 48.07 (P55.1/R42.7) | ArgI-IoU 55.33 | raw 38.57 | t0.9 | RgL 77.39 | 487s
ep19 loss 0.048 | type 88.0 | ArgC-IoU 44.25 (P57.4/R36.0) | ArgI-IoU 50.93 | raw 35.65 | t0.95 | RgL 78.49 | 513s
ep20 loss 0.039 | type 86.7 | ArgC-IoU 46.52 (P49.8/R43.7) | ArgI-IoU 52.95 | raw 36.43 | t0.9 | RgL 77.42 | 539s
ep21 loss 0.034 | type 89.2 | ArgC-IoU 45.83 (P48.2/R43.7) | ArgI-IoU 53.22 | raw 36.91 | t0.85 | RgL 79.03 | 565s
ep22 loss 0.029 | type 88.6 | ArgC-IoU 44.89 (P50.8/R40.2) | ArgI-IoU 51.40 | raw 35.60 | t0.93 | RgL 78.54 | 592s
ep23 loss 0.023 | type 88.6 | ArgC-IoU 45.79 (P49.4/R42.7) | ArgI-IoU 53.13 | raw 36.67 | t0.9 | RgL 78.07 | 618s
ep24 loss 0.020 | type 88.6 | ArgC-IoU 46.52 (P49.8/R43.7) | ArgI-IoU 53.38 | raw 37.83 | t0.9 | RgL 79.36 | 643s
ep25 loss 0.017 | type 89.9 | ArgC-IoU 45.69 (P45.5/R45.9) | ArgI-IoU 54.11 | raw 37.57 | t0.8 | RgL 78.92 | 669s
ep26 loss 0.015 | type 88.6 | ArgC-IoU 46.53 (P49.5/R43.9) | ArgI-IoU 53.79 | raw 37.11 | t0.9 | RgL 78.48 | 696s
ep27 loss 0.014 | type 88.6 | ArgC-IoU 45.99 (P49.1/R43.3) | ArgI-IoU 53.26 | raw 36.62 | t0.9 | RgL 77.78 | 723s
ep28 loss 0.012 | type 88.0 | ArgC-IoU 46.98 (P50.6/R43.9) | ArgI-IoU 54.96 | raw 37.82 | t0.9 | RgL 78.97 | 749s
ep29 loss 0.010 | type 88.6 | ArgC-IoU 46.68 (P49.9/R43.9) | ArgI-IoU 53.75 | raw 37.55 | t0.9 | RgL 79.01 | 776s
ep30 loss 0.009 | type 88.0 | ArgC-IoU 46.64 (P52.7/R41.9) | ArgI-IoU 53.36 | raw 37.26 | t0.93 | RgL 78.69 | 801s

BEST: {
  "epoch": 18,
  "loss": 0.05847759644384496,
  "type_acc": 89.87341772151899,
  "arg_c_iou_f1": 48.07256235827664,
  "argmax_arg_c_iou_f1": 38.573743922204216,
  "sel_tau": 0.9,
  "arg_i_iou_f1": 55.328798185941054,
  "arg_c_iou_p": 55.064935064935064,
  "arg_c_iou_r": 42.6559356136821,
  "arg_c_em_f1": 30.385487528344672,
  "arg_i_em_f1": 34.69387755102041,
  "trigger_rougeL_f1": 77.38701578440644,
  "secs": 487
}
