Loading weights:   0%|          | 0/390 [00:00<?, ?it/s]Loading weights: 100%|██████████| 390/390 [00:00<00:00, 4629.82it/s]
[1mDebertaV2Model LOAD REPORT[0m from: microsoft/deberta-v3-large
Key                                     | Status     |  | 
----------------------------------------+------------+--+-
lm_predictions.lm_head.LayerNorm.weight | UNEXPECTED |  | 
mask_predictions.classifier.bias        | UNEXPECTED |  | 
mask_predictions.classifier.weight      | UNEXPECTED |  | 
mask_predictions.LayerNorm.weight       | UNEXPECTED |  | 
lm_predictions.lm_head.dense.bias       | UNEXPECTED |  | 
mask_predictions.dense.bias             | UNEXPECTED |  | 
lm_predictions.lm_head.bias             | UNEXPECTED |  | 
lm_predictions.lm_head.LayerNorm.bias   | UNEXPECTED |  | 
lm_predictions.lm_head.dense.weight     | UNEXPECTED |  | 
mask_predictions.LayerNorm.bias         | UNEXPECTED |  | 
mask_predictions.dense.weight           | UNEXPECTED |  | 

Notes:
- UNEXPECTED:	can be ignored when loading from different task/architecture; not ok if you expect identical arch.
ep01 loss 5.400 | type 67.7 | ArgC-IoU 3.60 (P9.6/R2.2) | ArgI-IoU 8.51 | raw 3.14 | t0.3 | RgL 2.64 | 30s
ep02 loss 3.145 | type 86.1 | ArgC-IoU 20.25 (P23.0/R18.1) | ArgI-IoU 26.77 | raw 14.34 | t0.3 | RgL 17.40 | 60s
ep03 loss 2.363 | type 83.5 | ArgC-IoU 28.79 (P39.9/R22.5) | ArgI-IoU 33.42 | raw 18.58 | t0.5 | RgL 54.35 | 90s
ep04 loss 1.831 | type 81.6 | ArgC-IoU 40.10 (P54.3/R31.8) | ArgI-IoU 47.46 | raw 29.47 | t0.6 | RgL 64.60 | 121s
ep05 loss 1.339 | type 88.6 | ArgC-IoU 43.19 (P50.7/R37.6) | ArgI-IoU 49.65 | raw 31.25 | t0.6 | RgL 69.40 | 151s
ep06 loss 1.036 | type 87.3 | ArgC-IoU 40.67 (P46.1/R36.4) | ArgI-IoU 48.09 | raw 30.18 | t0.6 | RgL 71.55 | 182s
ep07 loss 0.775 | type 85.4 | ArgC-IoU 39.26 (P50.3/R32.2) | ArgI-IoU 43.93 | raw 27.64 | t0.7 | RgL 74.94 | 211s
ep08 loss 0.588 | type 88.0 | ArgC-IoU 43.15 (P52.9/R36.4) | ArgI-IoU 50.06 | raw 32.97 | t0.7 | RgL 75.94 | 239s
ep09 loss 0.452 | type 88.0 | ArgC-IoU 43.91 (P50.5/R38.8) | ArgI-IoU 50.74 | raw 32.99 | t0.7 | RgL 74.79 | 267s
ep10 loss 0.353 | type 89.2 | ArgC-IoU 43.28 (P56.7/R35.0) | ArgI-IoU 50.00 | raw 32.77 | t0.85 | RgL 75.57 | 297s
ep11 loss 0.289 | type 90.5 | ArgC-IoU 45.73 (P55.6/R38.8) | ArgI-IoU 53.08 | raw 34.30 | t0.85 | RgL 77.96 | 326s
ep12 loss 0.222 | type 88.6 | ArgC-IoU 45.27 (P51.4/R40.4) | ArgI-IoU 52.93 | raw 33.28 | t0.8 | RgL 78.62 | 356s
ep13 loss 0.186 | type 89.2 | ArgC-IoU 46.35 (P53.6/R40.8) | ArgI-IoU 54.79 | raw 35.71 | t0.8 | RgL 77.38 | 385s
ep14 loss 0.150 | type 88.0 | ArgC-IoU 42.15 (P46.4/R38.6) | ArgI-IoU 51.15 | raw 32.71 | t0.8 | RgL 78.40 | 416s
ep15 loss 0.124 | type 89.2 | ArgC-IoU 43.34 (P46.9/R40.2) | ArgI-IoU 53.30 | raw 34.67 | t0.8 | RgL 78.59 | 446s
ep16 loss 0.100 | type 88.0 | ArgC-IoU 42.94 (P51.1/R37.0) | ArgI-IoU 50.41 | raw 32.88 | t0.9 | RgL 79.48 | 475s
ep17 loss 0.081 | type 87.3 | ArgC-IoU 42.87 (P44.4/R41.4) | ArgI-IoU 51.61 | raw 33.44 | t0.8 | RgL 80.20 | 504s
ep18 loss 0.066 | type 88.0 | ArgC-IoU 42.87 (P45.1/R40.8) | ArgI-IoU 51.95 | raw 32.15 | t0.85 | RgL 79.04 | 532s
ep19 loss 0.058 | type 87.3 | ArgC-IoU 45.22 (P47.9/R42.9) | ArgI-IoU 53.29 | raw 33.71 | t0.85 | RgL 80.60 | 561s
ep20 loss 0.046 | type 87.3 | ArgC-IoU 44.34 (P52.0/R38.6) | ArgI-IoU 51.27 | raw 34.47 | t0.93 | RgL 78.91 | 590s
ep21 loss 0.042 | type 88.6 | ArgC-IoU 43.88 (P49.1/R39.6) | ArgI-IoU 51.89 | raw 34.66 | t0.9 | RgL 79.63 | 619s
ep22 loss 0.034 | type 88.6 | ArgC-IoU 43.50 (P45.0/R42.1) | ArgI-IoU 52.24 | raw 34.56 | t0.85 | RgL 79.61 | 648s
ep23 loss 0.029 | type 87.3 | ArgC-IoU 43.53 (P44.4/R42.7) | ArgI-IoU 53.18 | raw 35.39 | t0.85 | RgL 79.33 | 678s
ep24 loss 0.025 | type 86.7 | ArgC-IoU 44.49 (P48.6/R41.0) | ArgI-IoU 52.56 | raw 36.31 | t0.9 | RgL 79.51 | 705s
ep25 loss 0.021 | type 88.0 | ArgC-IoU 45.11 (P47.9/R42.7) | ArgI-IoU 53.83 | raw 35.90 | t0.9 | RgL 79.93 | 734s
ep26 loss 0.018 | type 87.3 | ArgC-IoU 44.79 (P46.9/R42.9) | ArgI-IoU 54.68 | raw 36.07 | t0.9 | RgL 80.26 | 763s
ep27 loss 0.015 | type 88.0 | ArgC-IoU 45.15 (P47.5/R43.1) | ArgI-IoU 54.43 | raw 35.59 | t0.9 | RgL 79.67 | 791s
ep28 loss 0.014 | type 87.3 | ArgC-IoU 44.58 (P46.7/R42.7) | ArgI-IoU 53.42 | raw 35.80 | t0.9 | RgL 80.32 | 820s
ep29 loss 0.013 | type 88.0 | ArgC-IoU 46.09 (P51.0/R42.1) | ArgI-IoU 54.47 | raw 36.36 | t0.93 | RgL 80.02 | 849s
ep30 loss 0.012 | type 87.3 | ArgC-IoU 45.03 (P47.4/R42.9) | ArgI-IoU 53.70 | raw 36.14 | t0.9 | RgL 79.66 | 878s

BEST: {
  "epoch": 13,
  "loss": 0.18644826696254313,
  "type_acc": 89.24050632911393,
  "arg_c_iou_f1": 46.34703196347032,
  "argmax_arg_c_iou_f1": 35.7084357084357,
  "sel_tau": 0.8,
  "arg_i_iou_f1": 54.79452054794521,
  "arg_c_iou_p": 53.562005277044854,
  "arg_c_iou_r": 40.845070422535215,
  "arg_c_em_f1": 29.68036529680365,
  "arg_i_em_f1": 32.87671232876713,
  "trigger_rougeL_f1": 77.38297070595654,
  "secs": 385
}
