Loading weights:   0%|          | 0/390 [00:00<?, ?it/s]Loading weights: 100%|██████████| 390/390 [00:00<00:00, 4601.97it/s]
[1mDebertaV2Model LOAD REPORT[0m from: microsoft/deberta-v3-large
Key                                     | Status     |  | 
----------------------------------------+------------+--+-
mask_predictions.LayerNorm.bias         | UNEXPECTED |  | 
mask_predictions.dense.bias             | UNEXPECTED |  | 
lm_predictions.lm_head.dense.weight     | UNEXPECTED |  | 
mask_predictions.LayerNorm.weight       | UNEXPECTED |  | 
mask_predictions.classifier.bias        | UNEXPECTED |  | 
mask_predictions.classifier.weight      | UNEXPECTED |  | 
lm_predictions.lm_head.LayerNorm.weight | UNEXPECTED |  | 
lm_predictions.lm_head.LayerNorm.bias   | UNEXPECTED |  | 
mask_predictions.dense.weight           | UNEXPECTED |  | 
lm_predictions.lm_head.dense.bias       | UNEXPECTED |  | 
lm_predictions.lm_head.bias             | UNEXPECTED |  | 

Notes:
- UNEXPECTED:	can be ignored when loading from different task/architecture; not ok if you expect identical arch.
ep01 loss 4.167 | type 74.1 | ArgC-IoU 0.00 (P0.0/R0.0) | ArgI-IoU 0.00 | raw 7.53 | RgL 0.00 | 18s
ep02 loss 2.291 | type 82.3 | ArgC-IoU 7.53 (P58.8/R4.0) | ArgI-IoU 9.42 | raw 14.42 | RgL 27.24 | 37s
ep03 loss 1.869 | type 86.1 | ArgC-IoU 17.54 (P68.5/R10.1) | ArgI-IoU 18.95 | raw 17.64 | RgL 39.49 | 55s
ep04 loss 1.484 | type 86.7 | ArgC-IoU 31.40 (P64.8/R20.7) | ArgI-IoU 34.76 | raw 28.11 | RgL 66.01 | 74s
ep05 loss 1.166 | type 88.6 | ArgC-IoU 40.64 (P59.8/R30.8) | ArgI-IoU 45.68 | raw 33.09 | RgL 73.20 | 93s
ep06 loss 0.924 | type 88.6 | ArgC-IoU 41.55 (P57.9/R32.4) | ArgI-IoU 47.74 | raw 31.57 | RgL 77.81 | 113s
ep07 loss 0.732 | type 88.0 | ArgC-IoU 41.40 (P58.0/R32.2) | ArgI-IoU 46.57 | raw 29.23 | RgL 75.20 | 131s
ep08 loss 0.553 | type 87.3 | ArgC-IoU 42.69 (P51.6/R36.4) | ArgI-IoU 49.29 | raw 30.59 | RgL 75.61 | 148s
ep09 loss 0.425 | type 88.0 | ArgC-IoU 43.08 (P49.4/R38.2) | ArgI-IoU 49.66 | raw 29.87 | RgL 77.58 | 166s
ep10 loss 0.335 | type 87.3 | ArgC-IoU 41.36 (P45.6/R37.8) | ArgI-IoU 50.17 | raw 31.09 | RgL 75.98 | 184s
ep11 loss 0.255 | type 89.9 | ArgC-IoU 44.30 (P48.7/R40.6) | ArgI-IoU 52.85 | raw 32.27 | RgL 77.39 | 203s
ep12 loss 0.209 | type 87.3 | ArgC-IoU 44.63 (P45.9/R43.5) | ArgI-IoU 53.72 | raw 33.63 | RgL 78.77 | 223s
ep13 loss 0.163 | type 88.0 | ArgC-IoU 44.58 (P46.7/R42.7) | ArgI-IoU 53.00 | raw 32.63 | RgL 78.84 | 242s
ep14 loss 0.133 | type 89.9 | ArgC-IoU 45.96 (P44.5/R47.5) | ArgI-IoU 53.75 | raw 35.91 | RgL 76.17 | 259s
ep15 loss 0.109 | type 87.3 | ArgC-IoU 45.03 (P45.0/R45.1) | ArgI-IoU 53.47 | raw 34.86 | RgL 76.05 | 277s
ep16 loss 0.087 | type 87.3 | ArgC-IoU 44.81 (P43.3/R46.5) | ArgI-IoU 53.73 | raw 35.91 | RgL 78.39 | 294s
ep17 loss 0.071 | type 88.6 | ArgC-IoU 45.48 (P45.9/R45.1) | ArgI-IoU 54.42 | raw 35.16 | RgL 79.34 | 311s
ep18 loss 0.060 | type 88.0 | ArgC-IoU 42.51 (P41.4/R43.7) | ArgI-IoU 51.32 | raw 33.11 | RgL 78.50 | 330s
ep19 loss 0.049 | type 88.0 | ArgC-IoU 46.25 (P45.4/R47.1) | ArgI-IoU 54.15 | raw 36.85 | RgL 78.34 | 349s
ep20 loss 0.039 | type 89.2 | ArgC-IoU 45.00 (P43.4/R46.7) | ArgI-IoU 53.54 | raw 34.12 | RgL 78.21 | 369s
ep21 loss 0.035 | type 89.2 | ArgC-IoU 44.01 (P42.6/R45.5) | ArgI-IoU 53.36 | raw 35.36 | RgL 78.51 | 387s
ep22 loss 0.026 | type 89.2 | ArgC-IoU 44.18 (P43.0/R45.5) | ArgI-IoU 54.35 | raw 36.03 | RgL 78.48 | 403s
ep23 loss 0.022 | type 88.0 | ArgC-IoU 45.18 (P43.8/R46.7) | ArgI-IoU 53.94 | raw 35.34 | RgL 79.32 | 420s
ep24 loss 0.019 | type 87.3 | ArgC-IoU 44.63 (P42.3/R47.3) | ArgI-IoU 53.37 | raw 35.42 | RgL 78.39 | 439s
ep25 loss 0.016 | type 88.0 | ArgC-IoU 45.45 (P43.8/R47.3) | ArgI-IoU 54.35 | raw 35.92 | RgL 79.76 | 457s
ep26 loss 0.013 | type 87.3 | ArgC-IoU 45.44 (P43.9/R47.1) | ArgI-IoU 53.79 | raw 36.21 | RgL 79.43 | 474s
ep27 loss 0.011 | type 88.6 | ArgC-IoU 45.81 (P44.4/R47.3) | ArgI-IoU 55.17 | raw 35.86 | RgL 79.34 | 493s
ep28 loss 0.010 | type 89.2 | ArgC-IoU 45.30 (P43.7/R47.1) | ArgI-IoU 54.60 | raw 35.70 | RgL 79.66 | 510s
ep29 loss 0.011 | type 88.6 | ArgC-IoU 45.65 (P43.9/R47.5) | ArgI-IoU 54.74 | raw 35.91 | RgL 79.52 | 527s
ep30 loss 0.008 | type 88.6 | ArgC-IoU 45.41 (P43.7/R47.3) | ArgI-IoU 54.30 | raw 36.16 | RgL 79.72 | 546s

BEST: {
  "epoch": 19,
  "loss": 0.04875292658689432,
  "type_acc": 87.9746835443038,
  "arg_c_iou_f1": 46.245059288537554,
  "argmax_arg_c_iou_f1": 36.85015290519878,
  "arg_i_iou_f1": 54.1501976284585,
  "arg_c_iou_p": 45.43689320388349,
  "arg_c_iou_r": 47.08249496981891,
  "arg_c_em_f1": 27.66798418972332,
  "arg_i_em_f1": 32.21343873517787,
  "trigger_rougeL_f1": 78.3391462440717,
  "secs": 349
}
