Loading weights:   0%|          | 0/390 [00:00<?, ?it/s]Loading weights: 100%|██████████| 390/390 [00:00<00:00, 4902.08it/s]
[1mDebertaV2Model LOAD REPORT[0m from: microsoft/deberta-v3-large
Key                                     | Status     |  | 
----------------------------------------+------------+--+-
mask_predictions.classifier.bias        | UNEXPECTED |  | 
mask_predictions.dense.weight           | UNEXPECTED |  | 
lm_predictions.lm_head.LayerNorm.bias   | UNEXPECTED |  | 
mask_predictions.classifier.weight      | UNEXPECTED |  | 
lm_predictions.lm_head.bias             | UNEXPECTED |  | 
lm_predictions.lm_head.dense.bias       | UNEXPECTED |  | 
mask_predictions.LayerNorm.weight       | UNEXPECTED |  | 
lm_predictions.lm_head.dense.weight     | UNEXPECTED |  | 
lm_predictions.lm_head.LayerNorm.weight | UNEXPECTED |  | 
mask_predictions.dense.bias             | UNEXPECTED |  | 
mask_predictions.LayerNorm.bias         | UNEXPECTED |  | 

Notes:
- UNEXPECTED:	can be ignored when loading from different task/architecture; not ok if you expect identical arch.
ep01 loss 4.176 | type 78.5 | ArgC-IoU 8.32 (P20.3/R5.2) | ArgI-IoU 12.80 | raw 6.62 | t0.3 | RgL 3.99 | 30s
ep02 loss 2.286 | type 85.4 | ArgC-IoU 17.05 (P30.3/R11.9) | ArgI-IoU 25.14 | raw 9.96 | t0.4 | RgL 16.14 | 60s
ep03 loss 1.838 | type 89.2 | ArgC-IoU 30.35 (P34.7/R27.0) | ArgI-IoU 38.73 | raw 22.49 | t0.4 | RgL 48.30 | 90s
ep04 loss 1.472 | type 89.2 | ArgC-IoU 33.66 (P43.2/R27.6) | ArgI-IoU 40.79 | raw 26.12 | t0.5 | RgL 67.46 | 122s
ep05 loss 1.132 | type 86.7 | ArgC-IoU 43.00 (P47.6/R39.2) | ArgI-IoU 50.28 | raw 32.61 | t0.5 | RgL 75.81 | 154s
ep06 loss 0.894 | type 90.5 | ArgC-IoU 44.70 (P47.2/R42.5) | ArgI-IoU 52.75 | raw 36.11 | t0.5 | RgL 74.76 | 185s
ep07 loss 0.688 | type 88.6 | ArgC-IoU 43.40 (P46.0/R41.0) | ArgI-IoU 50.21 | raw 35.12 | t0.6 | RgL 78.28 | 216s
ep08 loss 0.512 | type 88.0 | ArgC-IoU 43.10 (P46.4/R40.2) | ArgI-IoU 50.43 | raw 35.74 | t0.6 | RgL 77.95 | 245s
ep09 loss 0.381 | type 90.5 | ArgC-IoU 45.35 (P50.4/R41.2) | ArgI-IoU 55.09 | raw 37.84 | t0.7 | RgL 79.32 | 276s
ep10 loss 0.301 | type 88.6 | ArgC-IoU 42.95 (P46.6/R39.8) | ArgI-IoU 51.84 | raw 34.03 | t0.7 | RgL 79.15 | 308s
ep11 loss 0.237 | type 89.9 | ArgC-IoU 46.67 (P54.4/R40.8) | ArgI-IoU 54.25 | raw 37.78 | t0.8 | RgL 79.03 | 337s
ep12 loss 0.190 | type 88.6 | ArgC-IoU 44.52 (P49.5/R40.4) | ArgI-IoU 53.38 | raw 33.85 | t0.8 | RgL 78.25 | 366s
ep13 loss 0.159 | type 88.6 | ArgC-IoU 45.61 (P50.1/R41.9) | ArgI-IoU 54.82 | raw 37.12 | t0.8 | RgL 79.48 | 397s
ep14 loss 0.128 | type 87.3 | ArgC-IoU 45.32 (P50.0/R41.4) | ArgI-IoU 54.35 | raw 36.32 | t0.8 | RgL 79.68 | 427s
ep15 loss 0.099 | type 88.0 | ArgC-IoU 46.43 (P49.3/R43.9) | ArgI-IoU 54.74 | raw 38.79 | t0.8 | RgL 78.27 | 455s
ep16 loss 0.081 | type 88.0 | ArgC-IoU 43.02 (P45.7/R40.6) | ArgI-IoU 52.18 | raw 35.31 | t0.8 | RgL 79.80 | 484s
ep17 loss 0.071 | type 86.7 | ArgC-IoU 42.44 (P43.7/R41.2) | ArgI-IoU 51.97 | raw 35.42 | t0.8 | RgL 78.58 | 514s
ep18 loss 0.056 | type 88.6 | ArgC-IoU 43.38 (P43.9/R42.9) | ArgI-IoU 53.56 | raw 36.03 | t0.8 | RgL 79.52 | 544s
ep19 loss 0.045 | type 88.6 | ArgC-IoU 42.78 (P43.5/R42.1) | ArgI-IoU 52.81 | raw 35.73 | t0.8 | RgL 80.11 | 574s
ep20 loss 0.037 | type 89.2 | ArgC-IoU 44.20 (P44.3/R44.1) | ArgI-IoU 53.68 | raw 37.88 | t0.8 | RgL 79.83 | 605s
ep21 loss 0.031 | type 88.6 | ArgC-IoU 44.11 (P44.6/R43.7) | ArgI-IoU 53.66 | raw 36.81 | t0.8 | RgL 79.45 | 635s
ep22 loss 0.024 | type 88.6 | ArgC-IoU 43.98 (P43.9/R44.1) | ArgI-IoU 53.41 | raw 36.49 | t0.8 | RgL 79.34 | 665s
ep23 loss 0.021 | type 88.0 | ArgC-IoU 41.97 (P41.9/R42.1) | ArgI-IoU 51.61 | raw 33.92 | t0.8 | RgL 79.59 | 694s
ep24 loss 0.017 | type 89.2 | ArgC-IoU 42.59 (P42.1/R43.1) | ArgI-IoU 52.34 | raw 34.45 | t0.8 | RgL 79.52 | 723s
ep25 loss 0.014 | type 87.3 | ArgC-IoU 41.73 (P41.6/R41.9) | ArgI-IoU 51.55 | raw 34.08 | t0.8 | RgL 79.99 | 753s
ep26 loss 0.012 | type 88.0 | ArgC-IoU 42.83 (P42.4/R43.3) | ArgI-IoU 51.99 | raw 34.75 | t0.8 | RgL 80.01 | 781s
ep27 loss 0.011 | type 89.2 | ArgC-IoU 43.30 (P42.7/R43.9) | ArgI-IoU 52.83 | raw 35.78 | t0.8 | RgL 79.76 | 812s
ep28 loss 0.010 | type 88.6 | ArgC-IoU 43.44 (P42.6/R44.3) | ArgI-IoU 53.11 | raw 35.76 | t0.8 | RgL 80.39 | 842s
ep29 loss 0.008 | type 88.0 | ArgC-IoU 42.33 (P41.6/R43.1) | ArgI-IoU 52.03 | raw 34.74 | t0.8 | RgL 80.20 | 869s
ep30 loss 0.008 | type 88.6 | ArgC-IoU 43.24 (P43.0/R43.5) | ArgI-IoU 53.45 | raw 35.26 | t0.8 | RgL 80.00 | 898s

BEST: {
  "epoch": 11,
  "loss": 0.23690019799396395,
  "type_acc": 89.87341772151899,
  "arg_c_iou_f1": 46.666666666666664,
  "argmax_arg_c_iou_f1": 37.775960752248565,
  "sel_tau": 0.8,
  "arg_i_iou_f1": 54.252873563218394,
  "arg_c_iou_p": 54.42359249329759,
  "arg_c_iou_r": 40.845070422535215,
  "arg_c_em_f1": 31.264367816091955,
  "arg_i_em_f1": 34.48275862068965,
  "trigger_rougeL_f1": 79.02929973584293,
  "secs": 337
}
